Component: Arm Compiler for Embedded 6.21 Tool: armlink [5ec1fa00]

==============================================================================

Section Cross References

    startup_stm32f030x8.o(STACK) refers (Special) to heapauxi.o(.text) for __use_two_region_memory
    startup_stm32f030x8.o(HEAP) refers (Special) to heapauxi.o(.text) for __use_two_region_memory
    startup_stm32f030x8.o(RESET) refers (Special) to heapauxi.o(.text) for __use_two_region_memory
    startup_stm32f030x8.o(RESET) refers to startup_stm32f030x8.o(STACK) for __initial_sp
    startup_stm32f030x8.o(RESET) refers to startup_stm32f030x8.o(.text) for Reset_Handler
    startup_stm32f030x8.o(RESET) refers to stm32f0xx_it.o(.text.NMI_Handler) for NMI_Handler
    startup_stm32f030x8.o(RESET) refers to stm32f0xx_it.o(.text.HardFault_Handler) for HardFault_Handler
    startup_stm32f030x8.o(RESET) refers to stm32f0xx_it.o(.text.SVC_Handler) for SVC_Handler
    startup_stm32f030x8.o(RESET) refers to stm32f0xx_it.o(.text.PendSV_Handler) for PendSV_Handler
    startup_stm32f030x8.o(RESET) refers to stm32f0xx_it.o(.text.SysTick_Handler) for SysTick_Handler
    startup_stm32f030x8.o(RESET) refers to stm32f0xx_it.o(.text.EXTI0_1_IRQHandler) for EXTI0_1_IRQHandler
    startup_stm32f030x8.o(RESET) refers to stm32f0xx_it.o(.text.EXTI2_3_IRQHandler) for EXTI2_3_IRQHandler
    startup_stm32f030x8.o(RESET) refers to stm32f0xx_it.o(.text.EXTI4_15_IRQHandler) for EXTI4_15_IRQHandler
    startup_stm32f030x8.o(RESET) refers to stm32f0xx_it.o(.text.TIM3_IRQHandler) for TIM3_IRQHandler
    startup_stm32f030x8.o(.text) refers (Special) to heapauxi.o(.text) for __use_two_region_memory
    startup_stm32f030x8.o(.text) refers to system_stm32f0xx.o(.text.SystemInit) for SystemInit
    startup_stm32f030x8.o(.text) refers to __main.o(!!!main) for __main
    startup_stm32f030x8.o(.text) refers to startup_stm32f030x8.o(HEAP) for Heap_Mem
    startup_stm32f030x8.o(.text) refers to startup_stm32f030x8.o(STACK) for Stack_Mem
    7_segment.o(.text) refers (Special) to _printf_percent.o(.ARM.Collect$$_printf_percent$$00000000) for _printf_percent
    7_segment.o(.text) refers (Special) to _printf_pad.o(.text) for _printf_pre_padding
    7_segment.o(.text) refers (Special) to _printf_d.o(.ARM.Collect$$_printf_percent$$00000009) for _printf_d
    7_segment.o(.text) refers (Special) to _printf_dec.o(.text) for _printf_int_dec
    7_segment.o(.text.mask) refers (Special) to _printf_percent.o(.ARM.Collect$$_printf_percent$$00000000) for _printf_percent
    7_segment.o(.text.mask) refers (Special) to _printf_pad.o(.text) for _printf_pre_padding
    7_segment.o(.text.mask) refers (Special) to _printf_d.o(.ARM.Collect$$_printf_percent$$00000009) for _printf_d
    7_segment.o(.text.mask) refers (Special) to _printf_dec.o(.text) for _printf_int_dec
    7_segment.o(.ARM.exidx.text.mask) refers (Special) to _printf_percent.o(.ARM.Collect$$_printf_percent$$00000000) for _printf_percent
    7_segment.o(.ARM.exidx.text.mask) refers (Special) to _printf_pad.o(.text) for _printf_pre_padding
    7_segment.o(.ARM.exidx.text.mask) refers (Special) to _printf_d.o(.ARM.Collect$$_printf_percent$$00000009) for _printf_d
    7_segment.o(.ARM.exidx.text.mask) refers (Special) to _printf_dec.o(.text) for _printf_int_dec
    7_segment.o(.ARM.exidx.text.mask) refers to 7_segment.o(.text.mask) for [Anonymous Symbol]
    7_segment.o(.text.maskFourthDigit) refers (Special) to _printf_percent.o(.ARM.Collect$$_printf_percent$$00000000) for _printf_percent
    7_segment.o(.text.maskFourthDigit) refers (Special) to _printf_pad.o(.text) for _printf_pre_padding
    7_segment.o(.text.maskFourthDigit) refers (Special) to _printf_d.o(.ARM.Collect$$_printf_percent$$00000009) for _printf_d
    7_segment.o(.text.maskFourthDigit) refers (Special) to _printf_dec.o(.text) for _printf_int_dec
    7_segment.o(.ARM.exidx.text.maskFourthDigit) refers (Special) to _printf_percent.o(.ARM.Collect$$_printf_percent$$00000000) for _printf_percent
    7_segment.o(.ARM.exidx.text.maskFourthDigit) refers (Special) to _printf_pad.o(.text) for _printf_pre_padding
    7_segment.o(.ARM.exidx.text.maskFourthDigit) refers (Special) to _printf_d.o(.ARM.Collect$$_printf_percent$$00000009) for _printf_d
    7_segment.o(.ARM.exidx.text.maskFourthDigit) refers (Special) to _printf_dec.o(.text) for _printf_int_dec
    7_segment.o(.ARM.exidx.text.maskFourthDigit) refers to 7_segment.o(.text.maskFourthDigit) for [Anonymous Symbol]
    7_segment.o(.text.mask_charecters) refers (Special) to _printf_percent.o(.ARM.Collect$$_printf_percent$$00000000) for _printf_percent
    7_segment.o(.text.mask_charecters) refers (Special) to _printf_pad.o(.text) for _printf_pre_padding
    7_segment.o(.text.mask_charecters) refers (Special) to _printf_d.o(.ARM.Collect$$_printf_percent$$00000009) for _printf_d
    7_segment.o(.text.mask_charecters) refers (Special) to _printf_dec.o(.text) for _printf_int_dec
[...]
    ../clib/angel/sysapp.c                   0x00000000   Number         0  sys_command.o ABSOLUTE
    ../clib/angel/sysapp.c                   0x00000000   Number         0  sys_command_hlt.o ABSOLUTE
    ../clib/armsys.c                         0x00000000   Number         0  argv_veneer.o ABSOLUTE
    ../clib/armsys.c                         0x00000000   Number         0  _get_argv_nomalloc.o ABSOLUTE
    ../clib/armsys.c                         0x00000000   Number         0  no_argv.o ABSOLUTE
    ../clib/division.c                       0x00000000   Number         0  rtudiv10.o ABSOLUTE
    ../clib/division.s                       0x00000000   Number         0  aeabi_sdivfast.o ABSOLUTE
    ../clib/division.s                       0x00000000   Number         0  aeabi_sdivfast_div0.o ABSOLUTE
    ../clib/heapalloc.c                      0x00000000   Number         0  hrguard.o ABSOLUTE
    ../clib/heapaux.c                        0x00000000   Number         0  heapauxi.o ABSOLUTE
    ../clib/libinit.s                        0x00000000   Number         0  libinit.o ABSOLUTE
    ../clib/libinit.s                        0x00000000   Number         0  libinit2.o ABSOLUTE
    ../clib/libinit.s                        0x00000000   Number         0  libshutdown.o ABSOLUTE
    ../clib/libinit.s                        0x00000000   Number         0  libshutdown2.o ABSOLUTE
    ../clib/longlong.c                       0x00000000   Number         0  llushr.o ABSOLUTE
    ../clib/memcpset.c                       0x00000000   Number         0  rt_memclr.o ABSOLUTE
    ../clib/memcpset.s                       0x00000000   Number         0  strcmpv6m.o ABSOLUTE
    ../clib/misc.s                           0x00000000   Number         0  printf_stubs.o ABSOLUTE
    ../clib/printf.c                         0x00000000   Number         0  __2snprintf.o ABSOLUTE
    ../clib/printf.c                         0x00000000   Number         0  noretval__2snprintf.o ABSOLUTE
    ../clib/printf.c                         0x00000000   Number         0  __printf.o ABSOLUTE
    ../clib/printf.c                         0x00000000   Number         0  _printf_pad.o ABSOLUTE
    ../clib/printf.c                         0x00000000   Number         0  _printf_dec.o ABSOLUTE
    ../clib/printf.c                         0x00000000   Number         0  __printf_flags.o ABSOLUTE
    ../clib/printf.c                         0x00000000   Number         0  __printf_ss.o ABSOLUTE
    ../clib/printf.c                         0x00000000   Number         0  __printf_flags_ss.o ABSOLUTE
    ../clib/printf.c                         0x00000000   Number         0  __printf_wp.o ABSOLUTE
    ../clib/printf.c                         0x00000000   Number         0  __printf_flags_wp.o ABSOLUTE
    ../clib/printf.c                         0x00000000   Number         0  __printf_ss_wp.o ABSOLUTE
    ../clib/printf.c                         0x00000000   Number         0  __printf_flags_ss_wp.o ABSOLUTE
    ../clib/printf.c                         0x00000000   Number         0  _printf_intcommon.o ABSOLUTE
    ../clib/printf.c                         0x00000000   Number         0  _printf_char_common.o ABSOLUTE
    ../clib/printf.c                         0x00000000   Number         0  _snputc.o ABSOLUTE
    ../clib/printf.c                         0x00000000   Number         0  __printf_nopercent.o ABSOLUTE
    ../clib/printf_percent.s                 0x00000000   Number         0  _printf_d.o ABSOLUTE
    ../clib/printf_percent.s                 0x00000000   Number         0  _printf_percent.o ABSOLUTE
    ../clib/printf_percent.s                 0x00000000   Number         0  _printf_percent_end.o ABSOLUTE
    ../clib/signal.c                         0x00000000   Number         0  defsig_fpe_outer.o ABSOLUTE
    ../clib/signal.c                         0x00000000   Number         0  defsig_fpe_formal.o ABSOLUTE
    ../clib/signal.c                         0x00000000   Number         0  defsig_exit.o ABSOLUTE
    ../clib/signal.c                         0x00000000   Number         0  defsig_fpe_inner.o ABSOLUTE
    ../clib/signal.c                         0x00000000   Number         0  __raise.o ABSOLUTE
    ../clib/signal.c                         0x00000000   Number         0  defsig_general.o ABSOLUTE
    ../clib/signal.c                         0x00000000   Number         0  defsig_abrt_inner.o ABSOLUTE
    ../clib/signal.c                         0x00000000   Number         0  defsig_rtred_inner.o ABSOLUTE
    ../clib/signal.c                         0x00000000   Number         0  defsig_rtmem_inner.o ABSOLUTE
    ../clib/signal.c                         0x00000000   Number         0  defsig_rtmem_outer.o ABSOLUTE
    ../clib/signal.c                         0x00000000   Number         0  defsig_rtmem_formal.o ABSOLUTE
    ../clib/signal.c                         0x00000000   Number         0  defsig_stak_inner.o ABSOLUTE
    ../clib/signal.c                         0x00000000   Number         0  defsig_pvfn_inner.o ABSOLUTE
    ../clib/signal.c                         0x00000000   Number         0  defsig_cppl_inner.o ABSOLUTE
    ../clib/signal.c                         0x00000000   Number         0  defsig_segv_inner.o ABSOLUTE
    ../clib/signal.c                         0x00000000   Number         0  defsig_other.o ABSOLUTE
    ../clib/signal.s                         0x00000000   Number         0  defsig.o ABSOLUTE
    ../clib/stdlib.c                         0x00000000   Number         0  exit.o ABSOLUTE
    ../clib/string.c                         0x00000000   Number         0  strncpy.o ABSOLUTE
    ../fplib/cfplib/d2f.c                    0x00000000   Number         0  d2f.o ABSOLUTE
    ../fplib/cfplib/daddsub.c                0x00000000   Number         0  daddsub.o ABSOLUTE
    ../fplib/cfplib/ddiv.c                   0x00000000   Number         0  ddiv.o ABSOLUTE
    ../fplib/cfplib/dmul.c                   0x00000000   Number         0  dmul.o ABSOLUTE
    ../fplib/cfplib/ffix.c                   0x00000000   Number         0  ffixi.o ABSOLUTE
    ../fplib/cfplib/fflt.c                   0x00000000   Number         0  dflti.o ABSOLUTE
    ../fplib/cfplib/fpinit.c                 0x00000000   Number         0  fpinit.o ABSOLUTE
    ../fplib/fmul6m.s                        0x00000000   Number         0  fmul.o ABSOLUTE
    ../fplib/usenofp.s                       0x00000000   Number         0  usenofp.o ABSOLUTE
    7_Segment.c                              0x00000000   Number         0  7_segment.o ABSOLUTE
    dc.s                                     0x00000000   Number         0  dc.o ABSOLUTE
    main.c                                   0x00000000   Number         0  main.o ABSOLUTE
    startup_stm32f030x8.s                    0x00000000   Number         0  startup_stm32f030x8.o ABSOLUTE
    stm32f0xx_hal.c                          0x00000000   Number         0  stm32f0xx_hal.o ABSOLUTE
    stm32f0xx_hal_cortex.c                   0x00000000   Number         0  stm32f0xx_hal_cortex.o ABSOLUTE
    stm32f0xx_hal_dma.c                      0x00000000   Number         0  stm32f0xx_hal_dma.o ABSOLUTE
    stm32f0xx_hal_exti.c                     0x00000000   Number         0  stm32f0xx_hal_exti.o ABSOLUTE
    stm32f0xx_hal_flash.c                    0x00000000   Number         0  stm32f0xx_hal_flash.o ABSOLUTE
    stm32f0xx_hal_flash_ex.c                 0x00000000   Number         0  stm32f0xx_hal_flash_ex.o ABSOLUTE
    stm32f0xx_hal_gpio.c                     0x00000000   Number         0  stm32f0xx_hal_gpio.o ABSOLUTE
    stm32f0xx_hal_i2c.c                      0x00000000   Number         0  stm32f0xx_hal_i2c.o ABSOLUTE
    stm32f0xx_hal_i2c_ex.c                   0x00000000   Number         0  stm32f0xx_hal_i2c_ex.o ABSOLUTE
    stm32f0xx_hal_msp.c                      0x00000000   Number         0  stm32f0xx_hal_msp.o ABSOLUTE
    stm32f0xx_hal_pwr.c                      0x00000000   Number         0  stm32f0xx_hal_pwr.o ABSOLUTE
    stm32f0xx_hal_pwr_ex.c                   0x00000000   Number         0  stm32f0xx_hal_pwr_ex.o ABSOLUTE
    stm32f0xx_hal_rcc.c                      0x00000000   Number         0  stm32f0xx_hal_rcc.o ABSOLUTE
    stm32f0xx_hal_rcc_ex.c                   0x00000000   Number         0  stm32f0xx_hal_rcc_ex.o ABSOLUTE
    stm32f0xx_hal_tim.c                      0x00000000   Number         0  stm32f0xx_hal_tim.o ABSOLUTE
    stm32f0xx_hal_tim_ex.c                   0x00000000   Number         0  stm32f0xx_hal_tim_ex.o ABSOLUTE
    stm32f0xx_it.c                           0x00000000   Number         0  stm32f0xx_it.o ABSOLUTE
    system_stm32f0xx.c                       0x00000000   Number         0  system_stm32f0xx.o ABSOLUTE
    RESET                                    0x08000000   Section      180  startup_stm32f030x8.o(RESET)
    !!!main                                  0x080000b4   Section        8  __main.o(!!!main)
    !!!scatter                               0x080000bc   Section       84  __scatter.o(!!!scatter)
    !!handler_null                           0x08000110   Section        2  __scatter.o(!!handler_null)
    !!handler_zi                             0x08000114   Section       28  __scatter_zi.o(!!handler_zi)
    .ARM.Collect$$_printf_percent$$00000000  0x08000130   Section        2  _printf_percent.o(.ARM.Collect$$_printf_percent$$00000000)
    .ARM.Collect$$_printf_percent$$00000009  0x08000132   Section       10  _printf_d.o(.ARM.Collect$$_printf_percent$$00000009)
    .ARM.Collect$$_printf_percent$$00000017  0x0800013c   Section        4  _printf_percent_end.o(.ARM.Collect$$_printf_percent$$00000017)
    .ARM.Collect$$libinit$$00000000          0x08000140   Section        2  libinit.o(.ARM.Collect$$libinit$$00000000)
    .ARM.Collect$$libinit$$00000002          0x08000142   Section        0  libinit2.o(.ARM.Collect$$libinit$$00000002)
    .ARM.Collect$$libinit$$00000004          0x08000142   Section        0  libinit2.o(.ARM.Collect$$libinit$$00000004)
    .ARM.Collect$$libinit$$00000006          0x08000142   Section        0  libinit2.o(.ARM.Collect$$libinit$$00000006)
    .ARM.Collect$$libinit$$0000000C          0x08000142   Section        0  libinit2.o(.ARM.Collect$$libinit$$0000000C)
    .ARM.Collect$$libinit$$0000000E          0x08000142   Section        0  libinit2.o(.ARM.Collect$$libinit$$0000000E)
    .ARM.Collect$$libinit$$00000010          0x08000142   Section        0  libinit2.o(.ARM.Collect$$libinit$$00000010)
    .ARM.Collect$$libinit$$00000013          0x08000142   Section        0  libinit2.o(.ARM.Collect$$libinit$$00000013)
    .ARM.Collect$$libinit$$00000015          0x08000142   Section        0  libinit2.o(.ARM.Collect$$libinit$$00000015)
    .ARM.Collect$$libinit$$00000017          0x08000142   Section        0  libinit2.o(.ARM.Collect$$libinit$$00000017)
    .ARM.Collect$$libinit$$00000019          0x08000142   Section        0  libinit2.o(.ARM.Collect$$libinit$$00000019)
    .ARM.Collect$$libinit$$0000001B          0x08000142   Section        0  libinit2.o(.ARM.Collect$$libinit$$0000001B)
    .ARM.Collect$$libinit$$0000001D          0x08000142   Section        0  libinit2.o(.ARM.Collect$$libinit$$0000001D)
    .ARM.Collect$$libinit$$0000001F          0x08000142   Section        0  libinit2.o(.ARM.Collect$$libinit$$0000001F)
    .ARM.Collect$$libinit$$00000021          0x08000142   Section        0  libinit2.o(.ARM.Collect$$libinit$$00000021)
    .ARM.Collect$$libinit$$00000023          0x08000142   Section        0  libinit2.o(.ARM.Collect$$libinit$$00000023)
    .ARM.Collect$$libinit$$00000025          0x08000142   Section        0  libinit2.o(.ARM.Collect$$libinit$$00000025)
    .ARM.Collect$$libinit$$00000027          0x08000142   Section        0  libinit2.o(.ARM.Collect$$libinit$$00000027)
    .ARM.Collect$$libinit$$0000002E          0x08000142   Section        0  libinit2.o(.ARM.Collect$$libinit$$0000002E)
    .ARM.Collect$$libinit$$00000030          0x08000142   Section        0  libinit2.o(.ARM.Collect$$libinit$$00000030)
    .ARM.Collect$$libinit$$00000032          0x08000142   Section        0  libinit2.o(.ARM.Collect$$libinit$$00000032)
    .ARM.Collect$$libinit$$00000034          0x08000142   Section        0  libinit2.o(.ARM.Collect$$libinit$$00000034)
    .ARM.Collect$$libinit$$00000035          0x08000142   Section        2  libinit2.o(.ARM.Collect$$libinit$$00000035)
    .ARM.Collect$$libshutdown$$00000000      0x08000144   Section        2  libshutdown.o(.ARM.Collect$$libshutdown$$00000000)
    .ARM.Collect$$libshutdown$$00000002      0x08000146   Section        0  libshutdown2.o(.ARM.Collect$$libshutdown$$00000002)
    .ARM.Collect$$libshutdown$$00000004      0x08000146   Section        0  libshutdown2.o(.ARM.Collect$$libshutdown$$00000004)
    .ARM.Collect$$libshutdown$$00000007      0x08000146   Section        0  libshutdown2.o(.ARM.Collect$$libshutdown$$00000007)
    .ARM.Collect$$libshutdown$$0000000A      0x08000146   Section        0  libshutdown2.o(.ARM.Collect$$libshutdown$$0000000A)
    .ARM.Collect$$libshutdown$$0000000C      0x08000146   Section        0  libshutdown2.o(.ARM.Collect$$libshutdown$$0000000C)
    .ARM.Collect$$libshutdown$$0000000F      0x08000146   Section        0  libshutdown2.o(.ARM.Collect$$libshutdown$$0000000F)
    .ARM.Collect$$libshutdown$$00000010      0x08000146   Section        2  libshutdown2.o(.ARM.Collect$$libshutdown$$00000010)
    .ARM.Collect$$rtentry$$00000000          0x08000148   Section        0  __rtentry.o(.ARM.Collect$$rtentry$$00000000)
    .ARM.Collect$$rtentry$$00000002          0x08000148   Section        0  __rtentry2.o(.ARM.Collect$$rtentry$$00000002)
    .ARM.Collect$$rtentry$$00000004          0x08000148   Section        6  __rtentry4.o(.ARM.Collect$$rtentry$$00000004)
    .ARM.Collect$$rtentry$$00000009          0x0800014e   Section        0  __rtentry2.o(.ARM.Collect$$rtentry$$00000009)
    .ARM.Collect$$rtentry$$0000000A          0x0800014e   Section        4  __rtentry2.o(.ARM.Collect$$rtentry$$0000000A)
    .ARM.Collect$$rtentry$$0000000C          0x08000152   Section        0  __rtentry2.o(.ARM.Collect$$rtentry$$0000000C)
    .ARM.Collect$$rtentry$$0000000D          0x08000152   Section        8  __rtentry2.o(.ARM.Collect$$rtentry$$0000000D)
    .ARM.Collect$$rtexit$$00000000           0x0800015a   Section        2  rtexit.o(.ARM.Collect$$rtexit$$00000000)
    .ARM.Collect$$rtexit$$00000002           0x0800015c   Section        0  rtexit2.o(.ARM.Collect$$rtexit$$00000002)
    .ARM.Collect$$rtexit$$00000003           0x0800015c   Section        4  rtexit2.o(.ARM.Collect$$rtexit$$00000003)
    .ARM.Collect$$rtexit$$00000004           0x08000160   Section        6  rtexit2.o(.ARM.Collect$$rtexit$$00000004)
    .text                                    0x08000168   Section       56  startup_stm32f030x8.o(.text)
    .text                                    0x080001a0   Section        0  noretval__2snprintf.o(.text)
    .text                                    0x080001e0   Section        0  _printf_pad.o(.text)
    .text                                    0x08000230   Section        0  _printf_dec.o(.text)
    .text                                    0x0800029c   Section        0  __printf_flags_wp.o(.text)
    .text                                    0x080003d4   Section        0  rt_memclr.o(.text)
    .text                                    0x08000414   Section        0  strncpy.o(.text)
    .text                                    0x08000480   Section      176  strcmpv6m.o(.text)
    .text                                    0x08000530   Section      504  aeabi_sdivfast.o(.text)
    .text                                    0x08000728   Section        0  heapauxi.o(.text)
    .text                                    0x08000730   Section        0  d2f.o(.text)
    _dadd1                                   0x080007ad   Thumb Code   290  daddsub.o(.text)
    .text                                    0x080007ac   Section        0  daddsub.o(.text)
    _dsub1                                   0x080008cf   Thumb Code   470  daddsub.o(.text)
    .text                                    0x08000b04   Section        0  ddiv.o(.text)
    .text                                    0x08000f4c   Section        0  dflti.o(.text)
    .text                                    0x08000fa4   Section        0  dmul.o(.text)
    .text                                    0x080011ec   Section        0  ffixi.o(.text)
    .text                                    0x08001238   Section        0  _printf_intcommon.o(.text)
    _printf_input_char                       0x080012e9   Thumb Code    10  _printf_char_common.o(.text)
    .text                                    0x080012e8   Section        0  _printf_char_common.o(.text)
    .text                                    0x08001318   Section        0  _snputc.o(.text)
    .text                                    0x08001328   Section        0  rtudiv10.o(.text)
    .text                                    0x08001350   Section       62  sys_stackheap_outer.o(.text)
    .text                                    0x0800138e   Section        0  exit.o(.text)
    .text                                    0x080013a0   Section        8  libspace.o(.text)
    .text                                    0x080013a8   Section        0  sys_exit.o(.text)
    .text                                    0x080013b4   Section        2  use_no_semi.o(.text)
    .text                                    0x080013b6   Section        0  indicate_semi.o(.text)
    .text                                    0x080013b6   Section        0  __dczerorl2.o(.text)
    [Anonymous Symbol]                       0x0800140c   Section        0  stm32f0xx_it.o(.text.EXTI0_1_IRQHandler)
    __arm_cp.5_3                             0x08001444   Number         4  stm32f0xx_it.o(.text.EXTI0_1_IRQHandler)
    [Anonymous Symbol]                       0x08001448   Section        0  stm32f0xx_it.o(.text.EXTI2_3_IRQHandler)
    __arm_cp.6_3                             0x0800147c   Number         4  stm32f0xx_it.o(.text.EXTI2_3_IRQHandler)
    [Anonymous Symbol]                       0x08001480   Section        0  stm32f0xx_it.o(.text.EXTI4_15_IRQHandler)
    __arm_cp.7_0                             0x080014ec   Number         4  stm32f0xx_it.o(.text.EXTI4_15_IRQHandler)
    __arm_cp.7_1                             0x080014f0   Number         4  stm32f0xx_it.o(.text.EXTI4_15_IRQHandler)
    __arm_cp.7_2                             0x080014f4   Number         4  stm32f0xx_it.o(.text.EXTI4_15_IRQHandler)
    __arm_cp.7_3                             0x080014f8   Number         4  stm32f0xx_it.o(.text.EXTI4_15_IRQHandler)
    __arm_cp.7_4                             0x080014fc   Number         4  stm32f0xx_it.o(.text.EXTI4_15_IRQHandler)
    __arm_cp.7_5                             0x08001500   Number         4  stm32f0xx_it.o(.text.EXTI4_15_IRQHandler)
    __arm_cp.7_7                             0x08001504   Number         4  stm32f0xx_it.o(.text.EXTI4_15_IRQHandler)
    __arm_cp.7_8                             0x08001508   Number         4  stm32f0xx_it.o(.text.EXTI4_15_IRQHandler)
    [Anonymous Symbol]                       0x0800150c   Section        0  stm32f0xx_hal_gpio.o(.text.HAL_GPIO_Init)
    __arm_cp.0_0                             0x080016b4   Number         4  stm32f0xx_hal_gpio.o(.text.HAL_GPIO_Init)
    __arm_cp.0_1                             0x080016b8   Number         4  stm32f0xx_hal_gpio.o(.text.HAL_GPIO_Init)
    __arm_cp.0_3                             0x080016bc   Number         4  stm32f0xx_hal_gpio.o(.text.HAL_GPIO_Init)
    __arm_cp.0_4                             0x080016c0   Number         4  stm32f0xx_hal_gpio.o(.text.HAL_GPIO_Init)
    __arm_cp.0_5                             0x080016c4   Number         4  stm32f0xx_hal_gpio.o(.text.HAL_GPIO_Init)
    [Anonymous Symbol]                       0x080016c8   Section        0  stm32f0xx_hal_gpio.o(.text.HAL_GPIO_ReadPin)
    [Anonymous Symbol]                       0x080016d2   Section        0  stm32f0xx_hal_gpio.o(.text.HAL_GPIO_TogglePin)
    [Anonymous Symbol]                       0x080016e2   Section        0  stm32f0xx_hal_gpio.o(.text.HAL_GPIO_WritePin)
    [Anonymous Symbol]                       0x080016f4   Section        0  stm32f0xx_hal.o(.text.HAL_GetTick)
    [Anonymous Symbol]                       0x080016fc   Section        0  stm32f0xx_hal.o(.text.HAL_IncTick)
    __arm_cp.5_1                             0x0800170c   Number         4  stm32f0xx_hal.o(.text.HAL_IncTick)
    [Anonymous Symbol]                       0x08001710   Section        0  stm32f0xx_hal.o(.text.HAL_Init)
    [Anonymous Symbol]                       0x0800172c   Section        0  stm32f0xx_hal.o(.text.HAL_InitTick)
    __arm_cp.1_0                             0x08001768   Number         4  stm32f0xx_hal.o(.text.HAL_InitTick)
    [Anonymous Symbol]                       0x0800176c   Section        0  stm32f0xx_hal_msp.o(.text.HAL_MspInit)
    __arm_cp.0_0                             0x08001794   Number         4  stm32f0xx_hal_msp.o(.text.HAL_MspInit)
    [Anonymous Symbol]                       0x08001798   Section        0  stm32f0xx_hal_cortex.o(.text.HAL_NVIC_EnableIRQ)
    __arm_cp.1_0                             0x080017ac   Number         4  stm32f0xx_hal_cortex.o(.text.HAL_NVIC_EnableIRQ)
    [Anonymous Symbol]                       0x080017b0   Section        0  stm32f0xx_hal_cortex.o(.text.HAL_NVIC_SetPriority)
    __arm_cp.0_0                             0x080017e0   Number         4  stm32f0xx_hal_cortex.o(.text.HAL_NVIC_SetPriority)
    __arm_cp.0_1                             0x080017e4   Number         4  stm32f0xx_hal_cortex.o(.text.HAL_NVIC_SetPriority)
    [Anonymous Symbol]                       0x080017e8   Section        0  stm32f0xx_hal_rcc.o(.text.HAL_RCC_ClockConfig)
    __arm_cp.2_0                             0x08001920   Number         4  stm32f0xx_hal_rcc.o(.text.HAL_RCC_ClockConfig)
    __arm_cp.2_1                             0x08001924   Number         4  stm32f0xx_hal_rcc.o(.text.HAL_RCC_ClockConfig)
    __arm_cp.2_2                             0x08001928   Number         4  stm32f0xx_hal_rcc.o(.text.HAL_RCC_ClockConfig)
    __arm_cp.2_3                             0x0800192c   Number         4  stm32f0xx_hal_rcc.o(.text.HAL_RCC_ClockConfig)
    __arm_cp.2_4                             0x08001930   Number         4  stm32f0xx_hal_rcc.o(.text.HAL_RCC_ClockConfig)
    __arm_cp.2_5                             0x08001934   Number         4  stm32f0xx_hal_rcc.o(.text.HAL_RCC_ClockConfig)
    __arm_cp.2_6                             0x08001938   Number         4  stm32f0xx_hal_rcc.o(.text.HAL_RCC_ClockConfig)
    __arm_cp.2_7                             0x0800193c   Number         4  stm32f0xx_hal_rcc.o(.text.HAL_RCC_ClockConfig)
    __arm_cp.2_8                             0x08001940   Number         4  stm32f0xx_hal_rcc.o(.text.HAL_RCC_ClockConfig)
    [Anonymous Symbol]                       0x08001944   Section        0  stm32f0xx_hal_rcc.o(.text.HAL_RCC_OscConfig)
    __arm_cp.1_0                             0x08001d2c   Number         4  stm32f0xx_hal_rcc.o(.text.HAL_RCC_OscConfig)
    __arm_cp.1_1                             0x08001d30   Number         4  stm32f0xx_hal_rcc.o(.text.HAL_RCC_OscConfig)
    __arm_cp.1_2                             0x08001d34   Number         4  stm32f0xx_hal_rcc.o(.text.HAL_RCC_OscConfig)
    [Anonymous Symbol]                       0x08001d38   Section        0  stm32f0xx_hal_cortex.o(.text.HAL_SYSTICK_Config)
    __arm_cp.4_0                             0x08001d60   Number         4  stm32f0xx_hal_cortex.o(.text.HAL_SYSTICK_Config)
    __arm_cp.4_1                             0x08001d64   Number         4  stm32f0xx_hal_cortex.o(.text.HAL_SYSTICK_Config)
    __arm_cp.4_2                             0x08001d68   Number         4  stm32f0xx_hal_cortex.o(.text.HAL_SYSTICK_Config)
    [Anonymous Symbol]                       0x08001d6c   Section        0  stm32f0xx_hal_tim_ex.o(.text.HAL_TIMEx_BreakCallback)
    [Anonymous Symbol]                       0x08001d6e   Section        0  stm32f0xx_hal_tim_ex.o(.text.HAL_TIMEx_CommutCallback)
    [Anonymous Symbol]                       0x08001d70   Section        0  stm32f0xx_hal_tim.o(.text.HAL_TIM_IC_CaptureCallback)
    [Anonymous Symbol]                       0x08001d72   Section        0  stm32f0xx_hal_tim.o(.text.HAL_TIM_IRQHandler)
    [Anonymous Symbol]                       0x08001f2c   Section        0  stm32f0xx_hal_tim.o(.text.HAL_TIM_OC_DelayElapsedCallback)
    [Anonymous Symbol]                       0x08001f2e   Section        0  stm32f0xx_hal_tim.o(.text.HAL_TIM_PWM_PulseFinishedCallback)
    [Anonymous Symbol]                       0x08001f30   Section        0  stm32f0xx_hal_tim.o(.text.HAL_TIM_PeriodElapsedCallback)
    [Anonymous Symbol]                       0x08001f32   Section        0  stm32f0xx_hal_tim.o(.text.HAL_TIM_TriggerCallback)
    [Anonymous Symbol]                       0x08001f34   Section        0  stm32f0xx_it.o(.text.HardFault_Handler)
    [Anonymous Symbol]                       0x08001f38   Section        0  main.o(.text.MX_GPIO_Init)
    __arm_cp.2_0                             0x0800204c   Number         4  main.o(.text.MX_GPIO_Init)
    __arm_cp.2_1                             0x08002050   Number         4  main.o(.text.MX_GPIO_Init)
    __arm_cp.2_2                             0x08002054   Number         4  main.o(.text.MX_GPIO_Init)
    [Anonymous Symbol]                       0x08002058   Section        0  stm32f0xx_it.o(.text.NMI_Handler)
    [Anonymous Symbol]                       0x0800205a   Section        0  stm32f0xx_it.o(.text.PendSV_Handler)
    [Anonymous Symbol]                       0x0800205c   Section        0  stm32f0xx_it.o(.text.SVC_Handler)
    [Anonymous Symbol]                       0x0800205e   Section        0  stm32f0xx_it.o(.text.SysTick_Handler)
    [Anonymous Symbol]                       0x08002066   Section        0  system_stm32f0xx.o(.text.SystemInit)
    [Anonymous Symbol]                       0x08002068   Section        0  stm32f0xx_it.o(.text.TIM3_IRQHandler)
    __arm_cp.8_0                             0x08002090   Number         4  stm32f0xx_it.o(.text.TIM3_IRQHandler)
    __arm_cp.8_1                             0x08002094   Number         4  stm32f0xx_it.o(.text.TIM3_IRQHandler)
    [Anonymous Symbol]                       0x08002098   Section        0  7_segment.o(.text.check_inactivity)
    [Anonymous Symbol]                       0x080020b0   Section        0  7_segment.o(.text.debounce_buttons)
    __arm_cp.11_0                            0x080020e4   Number         4  7_segment.o(.text.debounce_buttons)
    [Anonymous Symbol]                       0x080020e8   Section        0  7_segment.o(.text.displayDigit)
    __arm_cp.6_0                             0x08002188   Number         4  7_segment.o(.text.displayDigit)
    __arm_cp.6_1                             0x0800218c   Number         4  7_segment.o(.text.displayDigit)
    __arm_cp.6_2                             0x08002190   Number         4  7_segment.o(.text.displayDigit)
    [Anonymous Symbol]                       0x08002194   Section        0  7_segment.o(.text.handle_menu_logic)
    __arm_cp.10_0                            0x080023c8   Number         4  7_segment.o(.text.handle_menu_logic)
    __arm_cp.10_1                            0x080023cc   Number         4  7_segment.o(.text.handle_menu_logic)
    __arm_cp.10_2                            0x080023d0   Number         4  7_segment.o(.text.handle_menu_logic)
    __arm_cp.10_3                            0x080023d4   Number         4  7_segment.o(.text.handle_menu_logic)
    __arm_cp.10_4                            0x080023d8   Number         4  7_segment.o(.text.handle_menu_logic)
    __arm_cp.10_5                            0x080023dc   Number         4  7_segment.o(.text.handle_menu_logic)
    __arm_cp.10_6                            0x080023e0   Number         4  7_segment.o(.text.handle_menu_logic)
    [Anonymous Symbol]                       0x080023e4   Section        0  main.o(.text.main)
    __arm_cp.0_0                             0x0800263c   Number         4  main.o(.text.main)
    __arm_cp.0_1                             0x08002640   Number         4  main.o(.text.main)
    __arm_cp.0_2                             0x08002644   Number         4  main.o(.text.main)
    __arm_cp.0_3                             0x08002648   Number         4  main.o(.text.main)
    __arm_cp.0_4                             0x0800264c   Number         4  main.o(.text.main)
    __arm_cp.0_5                             0x08002650   Number         4  main.o(.text.main)
    __arm_cp.0_6                             0x08002654   Number         4  main.o(.text.main)
    __arm_cp.0_7                             0x08002658   Number         4  main.o(.text.main)
    __arm_cp.0_8                             0x0800265c   Number         4  main.o(.text.main)
    __arm_cp.0_9                             0x08002660   Number         4  main.o(.text.main)
    [Anonymous Symbol]                       0x08002664   Section        0  7_segment.o(.text.mask_charecters)
    [Anonymous Symbol]                       0x08002714   Section        0  7_segment.o(.text.parameter_adjust_and_display)
    __arm_cp.9_0                             0x080028b8   Number         4  7_segment.o(.text.parameter_adjust_and_display)
    __arm_cp.9_1                             0x080028bc   Number         4  7_segment.o(.text.parameter_adjust_and_display)
    __arm_cp.9_2                             0x080028c0   Number         4  7_segment.o(.text.parameter_adjust_and_display)
    __arm_cp.9_4                             0x080028cc   Number         4  7_segment.o(.text.parameter_adjust_and_display)
    __arm_cp.9_5                             0x080028d0   Number         4  7_segment.o(.text.parameter_adjust_and_display)
    __arm_cp.9_6                             0x080028d4   Number         4  7_segment.o(.text.parameter_adjust_and_display)
    __arm_cp.9_7                             0x080028d8   Number         4  7_segment.o(.text.parameter_adjust_and_display)
    [Anonymous Symbol]                       0x080028e8   Section        0  7_segment.o(.text.sendToShiftRegister)
    [Anonymous Symbol]                       0x08002a48   Section        0  7_segment.o(.text.temprature_display)
    __arm_cp.7_0                             0x08002bc4   Number         4  7_segment.o(.text.temprature_display)
    __arm_cp.7_1                             0x08002bc8   Number         4  7_segment.o(.text.temprature_display)
    __arm_cp.7_2                             0x08002bcc   Number         4  7_segment.o(.text.temprature_display)
    __arm_cp.7_3                             0x08002bd0   Number         4  7_segment.o(.text.temprature_display)
    __arm_cp.7_4                             0x08002bd4   Number         4  7_segment.o(.text.temprature_display)
    __arm_cp.7_5                             0x08002bd8   Number         4  7_segment.o(.text.temprature_display)
    __arm_cp.7_6                             0x08002bdc   Number         4  7_segment.o(.text.temprature_display)
    __arm_cp.7_7                             0x08002be0   Number         4  7_segment.o(.text.temprature_display)
    [Anonymous Symbol]                       0x08002be4   Section        0  7_segment.o(.text.toggle)
    __arm_cp.13_0                            0x08002c14   Number         4  7_segment.o(.text.toggle)
    __arm_cp.13_1                            0x08002c18   Number         4  7_segment.o(.text.toggle)
    .text_divfast                            0x08002c1c   Section      502  aeabi_sdivfast.o(.text_divfast)
    i._is_digit                              0x08002e12   Section        0  __printf_wp.o(i._is_digit)
    x$fpl$fmul                               0x08002e20   Section      176  fmul.o(x$fpl$fmul)
    maptable                                 0x08002ed0   Data          17  __printf_flags_wp.o(.constdata)
    .constdata                               0x08002ed0   Section       17  __printf_flags_wp.o(.constdata)
    x$fpl$usenofp                            0x08002ed0   Section        0  usenofp.o(x$fpl$usenofp)
    ddiv_reciptbl                            0x08002ee1   Data         128  ddiv.o(.constdata)
    .constdata                               0x08002ee1   Section      128  ddiv.o(.constdata)
    [Anonymous Symbol]                       0x08002f64   Section        0  7_segment.o(.rodata..L__const.parameter_display.parameters)
    [Anonymous Symbol]                       0x080030a4   Section        0  7_segment.o(.rodata..Lswitch.table.displayDigit.91)
    HAL_RCC_GetSysClockFreq.aPLLMULFactorTable 0x080030c4   Data          16  stm32f0xx_hal_rcc.o(.rodata.cst16)
    [Anonymous Symbol]                       0x080030c4   Section        0  stm32f0xx_hal_rcc.o(.rodata.cst16)
    HAL_RCC_GetSysClockFreq.aPredivFactorTable 0x080030d4   Data          16  stm32f0xx_hal_rcc.o(.rodata.cst16)
    [Anonymous Symbol]                       0x080030e4   Section        0  7_segment.o(.rodata.str1.1)
    [Anonymous Symbol]                       0x20000000   Section        0  stm32f0xx_hal.o(.data..L_MergedGlobals)
    parameter_adjust_and_display.displayBuffer 0x2000000c   Data           4  7_segment.o(.data.parameter_adjust_and_display.displayBuffer)
    [Anonymous Symbol]                       0x2000000c   Section        0  7_segment.o(.data.parameter_adjust_and_display.displayBuffer)
    parameter_adjust_and_display.parameters  0x20000010   Data        2272  7_segment.o(.data.parameter_adjust_and_display.parameters)
    [Anonymous Symbol]                       0x20000010   Section        0  7_segment.o(.data.parameter_adjust_and_display.parameters)
    toggle.toggle_time                       0x200008f0   Data           4  7_segment.o(.data.toggle.toggle_time)
    [Anonymous Symbol]                       0x200008f0   Section        0  7_segment.o(.data.toggle.toggle_time)
    .bss                                     0x200008f8   Section       96  libspace.o(.bss)
    menu_position                            0x20000958   Data           1  7_segment.o(.bss..L_MergedGlobals)
    [Anonymous Symbol]                       0x20000958   Section        0  7_segment.o(.bss..L_MergedGlobals)
    parameter_display.currentStep            0x20000960   Data           4  7_segment.o(.bss..L_MergedGlobals)
    handle_menu_logic.forward_hold_time      0x20000964   Data           4  7_segment.o(.bss..L_MergedGlobals)
    handle_menu_logic.backward_hold_time     0x20000968   Data           4  7_segment.o(.bss..L_MergedGlobals)
    handle_menu_logic.last_repeat_time       0x2000096c   Data           4  7_segment.o(.bss..L_MergedGlobals)
    selected_parameter                       0x20000974   Data           4  7_segment.o(.bss..L_MergedGlobals)
    parameter_display.displayBuffer          0x20000978   Data           5  7_segment.o(.bss..L_MergedGlobals)
    [Anonymous Symbol]                       0x20000980   Section        0  main.o(.bss..L_MergedGlobals)
    [Anonymous Symbol]                       0x200009fc   Section        0  main.o(.bss..L_MergedGlobals.7)
    [Anonymous Symbol]                       0x20000a78   Section        0  main.o(.bss..L_MergedGlobals.8)
    parameter_adjust_and_display.currentStep 0x20000af4   Data           4  7_segment.o(.bss.parameter_adjust_and_display.currentStep)
    [Anonymous Symbol]                       0x20000af4   Section        0  7_segment.o(.bss.parameter_adjust_and_display.currentStep)
    temprature_display.currentStep           0x20000c38   Data           4  7_segment.o(.bss.temprature_display.currentStep)
    [Anonymous Symbol]                       0x20000c38   Section        0  7_segment.o(.bss.temprature_display.currentStep)
    Heap_Mem                                 0x20000c40   Data         512  startup_stm32f030x8.o(HEAP)
    HEAP                                     0x20000c40   Section      512  startup_stm32f030x8.o(HEAP)
    Stack_Mem                                0x20000e40   Data        1024  startup_stm32f030x8.o(STACK)
    STACK                                    0x20000e40   Section     1024  startup_stm32f030x8.o(STACK)
    __initial_sp                             0x20001240   Data           0  startup_stm32f030x8.o(STACK)

    Global Symbols

    Symbol Name                              Value     Ov Type        Size  Object(Section)

    BuildAttributes$$THM_ISAv3M$S$PE$A:L22$X:L11$S22$IEEE1$IW$~IW$USESV6$~STKCKD$USESV7$~SHL$OTIME$ROPI$EBA8$UX$STANDARDLIB$REQ8$PRES8$EABIv2 0x00000000   Number         0  anon$$obj.o ABSOLUTE
    _printf_flags                            0x00000000   Number         0  printf_stubs.o ABSOLUTE
    _printf_return_value                     0x00000000   Number         0  printf_stubs.o ABSOLUTE
    _printf_sizespec                         0x00000000   Number         0  printf_stubs.o ABSOLUTE
    _printf_widthprec                        0x00000000   Number         0  printf_stubs.o ABSOLUTE
    __ARM_exceptions_init                     - Undefined Weak Reference
    __alloca_initialize                       - Undefined Weak Reference
    __arm_preinit_                            - Undefined Weak Reference
    __arm_relocate_pie_                       - Undefined Weak Reference
    __cpp_initialize__aeabi_                  - Undefined Weak Reference
    __cxa_finalize                            - Undefined Weak Reference
    __rt_locale                               - Undefined Weak Reference
    __sigvec_lookup                           - Undefined Weak Reference
    _atexit_init                              - Undefined Weak Reference
    _call_atexit_fns                          - Undefined Weak Reference
    _clock_init                               - Undefined Weak Reference
    _fp_trap_init                             - Undefined Weak Reference
    _fp_trap_shutdown                         - Undefined Weak Reference
    _get_lc_collate                           - Undefined Weak Reference
    _get_lc_ctype                             - Undefined Weak Reference
    _get_lc_monetary                          - Undefined Weak Reference
    _get_lc_numeric                           - Undefined Weak Reference
    _get_lc_time                              - Undefined Weak Reference
    _getenv_init                              - Undefined Weak Reference
    _handle_redirection                       - Undefined Weak Reference
    _init_alloc                               - Undefined Weak Reference
    _init_user_alloc                          - Undefined Weak Reference
    _initio                                   - Undefined Weak Reference
    _printf_truncate_signed                   - Undefined Weak Reference
    _printf_truncate_unsigned                 - Undefined Weak Reference
    _rand_init                                - Undefined Weak Reference
    _signal_finish                            - Undefined Weak Reference
    _signal_init                              - Undefined Weak Reference
    _terminate_alloc                          - Undefined Weak Reference
    _terminate_user_alloc                     - Undefined Weak Reference
    _terminateio                              - Undefined Weak Reference
    __Vectors_Size                           0x000000b4   Number         0  startup_stm32f030x8.o ABSOLUTE
    __Vectors                                0x08000000   Data           4  startup_stm32f030x8.o(RESET)
    __Vectors_End                            0x080000b4   Data           0  startup_stm32f030x8.o(RESET)
    __main                                   0x080000b5   Thumb Code     8  __main.o(!!!main)
    __scatterload                            0x080000bd   Thumb Code     0  __scatter.o(!!!scatter)
    __scatterload_rt2                        0x080000bd   Thumb Code    74  __scatter.o(!!!scatter)
    __scatterload_rt2_thumb_only             0x080000bd   Thumb Code     0  __scatter.o(!!!scatter)
    __scatterload_loop                       0x080000c7   Thumb Code     0  __scatter.o(!!!scatter)
    __scatterload_null                       0x08000111   Thumb Code     2  __scatter.o(!!handler_null)
    __scatterload_zeroinit                   0x08000115   Thumb Code    28  __scatter_zi.o(!!handler_zi)
    _printf_percent                          0x08000131   Thumb Code     0  _printf_percent.o(.ARM.Collect$$_printf_percent$$00000000)
    _printf_d                                0x08000133   Thumb Code     0  _printf_d.o(.ARM.Collect$$_printf_percent$$00000009)
    _printf_percent_end                      0x0800013d   Thumb Code     0  _printf_percent_end.o(.ARM.Collect$$_printf_percent$$00000017)
    __rt_lib_init                            0x08000141   Thumb Code     0  libinit.o(.ARM.Collect$$libinit$$00000000)
    __rt_lib_init_alloca_1                   0x08000143   Thumb Code     0  libinit2.o(.ARM.Collect$$libinit$$00000030)
    __rt_lib_init_argv_1                     0x08000143   Thumb Code     0  libinit2.o(.ARM.Collect$$libinit$$0000002E)
    __rt_lib_init_atexit_1                   0x08000143   Thumb Code     0  libinit2.o(.ARM.Collect$$libinit$$0000001D)
    __rt_lib_init_clock_1                    0x08000143   Thumb Code     0  libinit2.o(.ARM.Collect$$libinit$$00000023)
    __rt_lib_init_cpp_1                      0x08000143   Thumb Code     0  libinit2.o(.ARM.Collect$$libinit$$00000034)
    __rt_lib_init_exceptions_1               0x08000143   Thumb Code     0  libinit2.o(.ARM.Collect$$libinit$$00000032)
    __rt_lib_init_fp_1                       0x08000143   Thumb Code     0  libinit2.o(.ARM.Collect$$libinit$$00000002)
    __rt_lib_init_fp_trap_1                  0x08000143   Thumb Code     0  libinit2.o(.ARM.Collect$$libinit$$00000021)
    __rt_lib_init_getenv_1                   0x08000143   Thumb Code     0  libinit2.o(.ARM.Collect$$libinit$$00000025)
    __rt_lib_init_heap_1                     0x08000143   Thumb Code     0  libinit2.o(.ARM.Collect$$libinit$$0000000C)
    __rt_lib_init_lc_collate_1               0x08000143   Thumb Code     0  libinit2.o(.ARM.Collect$$libinit$$00000013)
    __rt_lib_init_lc_ctype_1                 0x08000143   Thumb Code     0  libinit2.o(.ARM.Collect$$libinit$$00000015)
    __rt_lib_init_lc_monetary_1              0x08000143   Thumb Code     0  libinit2.o(.ARM.Collect$$libinit$$00000017)
    __rt_lib_init_lc_numeric_1               0x08000143   Thumb Code     0  libinit2.o(.ARM.Collect$$libinit$$00000019)
    __rt_lib_init_lc_time_1                  0x08000143   Thumb Code     0  libinit2.o(.ARM.Collect$$libinit$$0000001B)
    __rt_lib_init_preinit_1                  0x08000143   Thumb Code     0  libinit2.o(.ARM.Collect$$libinit$$00000006)
    __rt_lib_init_rand_1                     0x08000143   Thumb Code     0  libinit2.o(.ARM.Collect$$libinit$$00000010)
    __rt_lib_init_relocate_pie_1             0x08000143   Thumb Code     0  libinit2.o(.ARM.Collect$$libinit$$00000004)
    __rt_lib_init_return                     0x08000143   Thumb Code     0  libinit2.o(.ARM.Collect$$libinit$$00000035)
    __rt_lib_init_signal_1                   0x08000143   Thumb Code     0  libinit2.o(.ARM.Collect$$libinit$$0000001F)
    __rt_lib_init_stdio_1                    0x08000143   Thumb Code     0  libinit2.o(.ARM.Collect$$libinit$$00000027)
    __rt_lib_init_user_alloc_1               0x08000143   Thumb Code     0  libinit2.o(.ARM.Collect$$libinit$$0000000E)
    __rt_lib_shutdown                        0x08000145   Thumb Code     0  libshutdown.o(.ARM.Collect$$libshutdown$$00000000)
    __rt_lib_shutdown_cpp_1                  0x08000147   Thumb Code     0  libshutdown2.o(.ARM.Collect$$libshutdown$$00000002)
    __rt_lib_shutdown_fp_trap_1              0x08000147   Thumb Code     0  libshutdown2.o(.ARM.Collect$$libshutdown$$00000007)
    __rt_lib_shutdown_heap_1                 0x08000147   Thumb Code     0  libshutdown2.o(.ARM.Collect$$libshutdown$$0000000F)
    __rt_lib_shutdown_return                 0x08000147   Thumb Code     0  libshutdown2.o(.ARM.Collect$$libshutdown$$00000010)
    __rt_lib_shutdown_signal_1               0x08000147   Thumb Code     0  libshutdown2.o(.ARM.Collect$$libshutdown$$0000000A)
    __rt_lib_shutdown_stdio_1                0x08000147   Thumb Code     0  libshutdown2.o(.ARM.Collect$$libshutdown$$00000004)
    __rt_lib_shutdown_user_alloc_1           0x08000147   Thumb Code     0  libshutdown2.o(.ARM.Collect$$libshutdown$$0000000C)
    __rt_entry                               0x08000149   Thumb Code     0  __rtentry.o(.ARM.Collect$$rtentry$$00000000)
    __rt_entry_presh_1                       0x08000149   Thumb Code     0  __rtentry2.o(.ARM.Collect$$rtentry$$00000002)
    __rt_entry_sh                            0x08000149   Thumb Code     0  __rtentry4.o(.ARM.Collect$$rtentry$$00000004)
    __rt_entry_li                            0x0800014f   Thumb Code     0  __rtentry2.o(.ARM.Collect$$rtentry$$0000000A)
    __rt_entry_postsh_1                      0x0800014f   Thumb Code     0  __rtentry2.o(.ARM.Collect$$rtentry$$00000009)
    __rt_entry_main                          0x08000153   Thumb Code     0  __rtentry2.o(.ARM.Collect$$rtentry$$0000000D)
    __rt_entry_postli_1                      0x08000153   Thumb Code     0  __rtentry2.o(.ARM.Collect$$rtentry$$0000000C)
    __rt_exit                                0x0800015b   Thumb Code     0  rtexit.o(.ARM.Collect$$rtexit$$00000000)
    __rt_exit_ls                             0x0800015d   Thumb Code     0  rtexit2.o(.ARM.Collect$$rtexit$$00000003)
    __rt_exit_prels_1                        0x0800015d   Thumb Code     0  rtexit2.o(.ARM.Collect$$rtexit$$00000002)
    __rt_exit_exit                           0x08000161   Thumb Code     0  rtexit2.o(.ARM.Collect$$rtexit$$00000004)
    Reset_Handler                            0x08000169   Thumb Code     8  startup_stm32f030x8.o(.text)
    ADC1_IRQHandler                          0x0800017b   Thumb Code     0  startup_stm32f030x8.o(.text)
    DMA1_Channel1_IRQHandler                 0x0800017b   Thumb Code     0  startup_stm32f030x8.o(.text)
    DMA1_Channel2_3_IRQHandler               0x0800017b   Thumb Code     0  startup_stm32f030x8.o(.text)
    DMA1_Channel4_5_IRQHandler               0x0800017b   Thumb Code     0  startup_stm32f030x8.o(.text)
    FLASH_IRQHandler                         0x0800017b   Thumb Code     0  startup_stm32f030x8.o(.text)
    I2C1_IRQHandler                          0x0800017b   Thumb Code     0  startup_stm32f030x8.o(.text)
    I2C2_IRQHandler                          0x0800017b   Thumb Code     0  startup_stm32f030x8.o(.text)
    RCC_IRQHandler                           0x0800017b   Thumb Code     0  startup_stm32f030x8.o(.text)
    RTC_IRQHandler                           0x0800017b   Thumb Code     0  startup_stm32f030x8.o(.text)
    SPI1_IRQHandler                          0x0800017b   Thumb Code     0  startup_stm32f030x8.o(.text)
    SPI2_IRQHandler                          0x0800017b   Thumb Code     0  startup_stm32f030x8.o(.text)
    TIM14_IRQHandler                         0x0800017b   Thumb Code     0  startup_stm32f030x8.o(.text)
    TIM15_IRQHandler                         0x0800017b   Thumb Code     0  startup_stm32f030x8.o(.text)
    TIM16_IRQHandler                         0x0800017b   Thumb Code     0  startup_stm32f030x8.o(.text)
    TIM17_IRQHandler                         0x0800017b   Thumb Code     0  startup_stm32f030x8.o(.text)
    TIM1_BRK_UP_TRG_COM_IRQHandler           0x0800017b   Thumb Code     0  startup_stm32f030x8.o(.text)
    TIM1_CC_IRQHandler                       0x0800017b   Thumb Code     0  startup_stm32f030x8.o(.text)
    TIM6_IRQHandler                          0x0800017b   Thumb Code     0  startup_stm32f030x8.o(.text)
    USART1_IRQHandler                        0x0800017b   Thumb Code     0  startup_stm32f030x8.o(.text)
    USART2_IRQHandler                        0x0800017b   Thumb Code     0  startup_stm32f030x8.o(.text)
    WWDG_IRQHandler                          0x0800017b   Thumb Code     0  startup_stm32f030x8.o(.text)
    __user_initial_stackheap                 0x0800017d   Thumb Code     0  startup_stm32f030x8.o(.text)
    __2snprintf                              0x080001a1   Thumb Code    60  noretval__2snprintf.o(.text)
    _printf_pre_padding                      0x080001e1   Thumb Code    44  _printf_pad.o(.text)
    _printf_post_padding                     0x0800020d   Thumb Code    34  _printf_pad.o(.text)
    _printf_int_dec                          0x08000231   Thumb Code    90  _printf_dec.o(.text)
    __printf                                 0x0800029d   Thumb Code   306  __printf_flags_wp.o(.text)
    _memset_w                                0x080003d5   Thumb Code    26  rt_memclr.o(.text)
    _memset                                  0x080003ef   Thumb Code    30  rt_memclr.o(.text)
    __aeabi_memclr                           0x0800040d   Thumb Code     4  rt_memclr.o(.text)
    __rt_memclr                              0x0800040d   Thumb Code     0  rt_memclr.o(.text)
    __aeabi_memclr4                          0x08000411   Thumb Code     0  rt_memclr.o(.text)
    __aeabi_memclr8                          0x08000411   Thumb Code     0  rt_memclr.o(.text)
    __rt_memclr_w                            0x08000411   Thumb Code     4  rt_memclr.o(.text)
    strncpy                                  0x08000415   Thumb Code   104  strncpy.o(.text)
    strcmp                                   0x08000481   Thumb Code   176  strcmpv6m.o(.text)
    __aeabi_uidivmod                         0x08000531   Thumb Code    28  aeabi_sdivfast.o(.text)
    __aeabi_idivmod                          0x0800054d   Thumb Code   472  aeabi_sdivfast.o(.text)
    __use_two_region_memory                  0x08000729   Thumb Code     2  heapauxi.o(.text)
    __rt_heap_escrow$2region                 0x0800072b   Thumb Code     2  heapauxi.o(.text)
    __rt_heap_expand$2region                 0x0800072d   Thumb Code     2  heapauxi.o(.text)
    __aeabi_d2f                              0x08000731   Thumb Code     0  d2f.o(.text)
    _d2f                                     0x08000731   Thumb Code   120  d2f.o(.text)
    __aeabi_dadd                             0x08000aa5   Thumb Code     0  daddsub.o(.text)
    _dadd                                    0x08000aa5   Thumb Code    26  daddsub.o(.text)
    __aeabi_dsub                             0x08000abf   Thumb Code     0  daddsub.o(.text)
    _dsub                                    0x08000abf   Thumb Code    22  daddsub.o(.text)
    __aeabi_drsub                            0x08000ad5   Thumb Code     0  daddsub.o(.text)
    _drsb                                    0x08000ad5   Thumb Code    28  daddsub.o(.text)
    __aeabi_ddiv                             0x08000b05   Thumb Code     0  ddiv.o(.text)
    _ddiv                                    0x08000b05   Thumb Code  1072  ddiv.o(.text)
    _drdiv                                   0x08000f35   Thumb Code    20  ddiv.o(.text)
    __aeabi_i2d_normalise                    0x08000f4d   Thumb Code    66  dflti.o(.text)
    __aeabi_i2d                              0x08000f8f   Thumb Code    16  dflti.o(.text)
    _dflt                                    0x08000f8f   Thumb Code     0  dflti.o(.text)
    __aeabi_ui2d                             0x08000f9f   Thumb Code     6  dflti.o(.text)
    _dfltu                                   0x08000f9f   Thumb Code     0  dflti.o(.text)
    __aeabi_dmul                             0x08000fa5   Thumb Code     0  dmul.o(.text)
    _dmul                                    0x08000fa5   Thumb Code   558  dmul.o(.text)
    __aeabi_f2iz                             0x080011ed   Thumb Code     0  ffixi.o(.text)
    _ffix                                    0x080011ed   Thumb Code    76  ffixi.o(.text)
    _printf_int_common                       0x08001239   Thumb Code   176  _printf_intcommon.o(.text)
    _printf_char_common                      0x080012f3   Thumb Code    32  _printf_char_common.o(.text)
    _snputc                                  0x08001319   Thumb Code    16  _snputc.o(.text)
    __rt_udiv10                              0x08001329   Thumb Code    40  rtudiv10.o(.text)
    __user_setup_stackheap                   0x08001351   Thumb Code    62  sys_stackheap_outer.o(.text)
    exit                                     0x0800138f   Thumb Code    16  exit.o(.text)
    __user_libspace                          0x080013a1   Thumb Code     8  libspace.o(.text)
    __user_perproc_libspace                  0x080013a1   Thumb Code     0  libspace.o(.text)
    __user_perthread_libspace                0x080013a1   Thumb Code     0  libspace.o(.text)
    _sys_exit                                0x080013a9   Thumb Code     8  sys_exit.o(.text)
    __I$use$semihosting                      0x080013b5   Thumb Code     0  use_no_semi.o(.text)
    __use_no_semihosting_swi                 0x080013b5   Thumb Code     2  use_no_semi.o(.text)
    __decompress                             0x080013b7   Thumb Code     0  __dczerorl2.o(.text)
    __decompress1                            0x080013b7   Thumb Code    86  __dczerorl2.o(.text)
    __semihosting_library_function           0x080013b7   Thumb Code     0  indicate_semi.o(.text)
    EXTI0_1_IRQHandler                       0x0800140d   Thumb Code    56  stm32f0xx_it.o(.text.EXTI0_1_IRQHandler)
    EXTI2_3_IRQHandler                       0x08001449   Thumb Code    52  stm32f0xx_it.o(.text.EXTI2_3_IRQHandler)
    EXTI4_15_IRQHandler                      0x08001481   Thumb Code   108  stm32f0xx_it.o(.text.EXTI4_15_IRQHandler)
    HAL_GPIO_Init                            0x0800150d   Thumb Code   424  stm32f0xx_hal_gpio.o(.text.HAL_GPIO_Init)
    HAL_GPIO_ReadPin                         0x080016c9   Thumb Code    10  stm32f0xx_hal_gpio.o(.text.HAL_GPIO_ReadPin)
    HAL_GPIO_TogglePin                       0x080016d3   Thumb Code    16  stm32f0xx_hal_gpio.o(.text.HAL_GPIO_TogglePin)
    HAL_GPIO_WritePin                        0x080016e3   Thumb Code    16  stm32f0xx_hal_gpio.o(.text.HAL_GPIO_WritePin)
    HAL_GetTick                              0x080016f5   Thumb Code     8  stm32f0xx_hal.o(.text.HAL_GetTick)
    HAL_IncTick                              0x080016fd   Thumb Code    16  stm32f0xx_hal.o(.text.HAL_IncTick)
    HAL_Init                                 0x08001711   Thumb Code    28  stm32f0xx_hal.o(.text.HAL_Init)
    HAL_InitTick                             0x0800172d   Thumb Code    60  stm32f0xx_hal.o(.text.HAL_InitTick)
    HAL_MspInit                              0x0800176d   Thumb Code    40  stm32f0xx_hal_msp.o(.text.HAL_MspInit)
    HAL_NVIC_EnableIRQ                       0x08001799   Thumb Code    20  stm32f0xx_hal_cortex.o(.text.HAL_NVIC_EnableIRQ)
    HAL_NVIC_SetPriority                     0x080017b1   Thumb Code    48  stm32f0xx_hal_cortex.o(.text.HAL_NVIC_SetPriority)
    HAL_RCC_ClockConfig                      0x080017e9   Thumb Code   312  stm32f0xx_hal_rcc.o(.text.HAL_RCC_ClockConfig)
    HAL_RCC_OscConfig                        0x08001945   Thumb Code  1000  stm32f0xx_hal_rcc.o(.text.HAL_RCC_OscConfig)
    HAL_SYSTICK_Config                       0x08001d39   Thumb Code    40  stm32f0xx_hal_cortex.o(.text.HAL_SYSTICK_Config)
    HAL_TIMEx_BreakCallback                  0x08001d6d   Thumb Code     2  stm32f0xx_hal_tim_ex.o(.text.HAL_TIMEx_BreakCallback)
    HAL_TIMEx_CommutCallback                 0x08001d6f   Thumb Code     2  stm32f0xx_hal_tim_ex.o(.text.HAL_TIMEx_CommutCallback)
    HAL_TIM_IC_CaptureCallback               0x08001d71   Thumb Code     2  stm32f0xx_hal_tim.o(.text.HAL_TIM_IC_CaptureCallback)
    HAL_TIM_IRQHandler                       0x08001d73   Thumb Code   442  stm32f0xx_hal_tim.o(.text.HAL_TIM_IRQHandler)
    HAL_TIM_OC_DelayElapsedCallback          0x08001f2d   Thumb Code     2  stm32f0xx_hal_tim.o(.text.HAL_TIM_OC_DelayElapsedCallback)
    HAL_TIM_PWM_PulseFinishedCallback        0x08001f2f   Thumb Code     2  stm32f0xx_hal_tim.o(.text.HAL_TIM_PWM_PulseFinishedCallback)
    HAL_TIM_PeriodElapsedCallback            0x08001f31   Thumb Code     2  stm32f0xx_hal_tim.o(.text.HAL_TIM_PeriodElapsedCallback)
    HAL_TIM_TriggerCallback                  0x08001f33   Thumb Code     2  stm32f0xx_hal_tim.o(.text.HAL_TIM_TriggerCallback)
    HardFault_Handler                        0x08001f35   Thumb Code     2  stm32f0xx_it.o(.text.HardFault_Handler)
    MX_GPIO_Init                             0x08001f39   Thumb Code   276  main.o(.text.MX_GPIO_Init)
    NMI_Handler                              0x08002059   Thumb Code     2  stm32f0xx_it.o(.text.NMI_Handler)
    PendSV_Handler                           0x0800205b   Thumb Code     2  stm32f0xx_it.o(.text.PendSV_Handler)
    SVC_Handler                              0x0800205d   Thumb Code     2  stm32f0xx_it.o(.text.SVC_Handler)
    SysTick_Handler                          0x0800205f   Thumb Code     8  stm32f0xx_it.o(.text.SysTick_Handler)
    SystemInit                               0x08002067   Thumb Code     2  system_stm32f0xx.o(.text.SystemInit)
    TIM3_IRQHandler                          0x08002069   Thumb Code    40  stm32f0xx_it.o(.text.TIM3_IRQHandler)
    check_inactivity                         0x08002099   Thumb Code    24  7_segment.o(.text.check_inactivity)
    debounce_buttons                         0x080020b1   Thumb Code    52  7_segment.o(.text.debounce_buttons)
    displayDigit                             0x080020e9   Thumb Code   160  7_segment.o(.text.displayDigit)
    handle_menu_logic                        0x08002195   Thumb Code   564  7_segment.o(.text.handle_menu_logic)
    main                                     0x080023e5   Thumb Code   600  main.o(.text.main)
    mask_charecters                          0x08002665   Thumb Code   174  7_segment.o(.text.mask_charecters)
    parameter_adjust_and_display             0x08002715   Thumb Code   420  7_segment.o(.text.parameter_adjust_and_display)
    sendToShiftRegister                      0x080028e9   Thumb Code   352  7_segment.o(.text.sendToShiftRegister)
    temprature_display                       0x08002a49   Thumb Code   380  7_segment.o(.text.temprature_display)
    toggle                                   0x08002be5   Thumb Code    48  7_segment.o(.text.toggle)
    __aeabi_uidiv                            0x08002c1d   Thumb Code    68  aeabi_sdivfast.o(.text_divfast)
    __aeabi_idiv                             0x08002c61   Thumb Code   434  aeabi_sdivfast.o(.text_divfast)
    _is_digit                                0x08002e13   Thumb Code    14  __printf_wp.o(i._is_digit)
    __aeabi_fmul                             0x08002e21   Thumb Code     0  fmul.o(x$fpl$fmul)
    _fmul                                    0x08002e21   Thumb Code   172  fmul.o(x$fpl$fmul)
    __I$use$fp                               0x08002ed0   Number         0  usenofp.o(x$fpl$usenofp)
    AHBPrescTable                            0x080030af   Data          16  system_stm32f0xx.o(.rodata.AHBPrescTable)
    DEBOUNCE_THRESHOLD_MS                    0x080030bf   Data           1  7_segment.o(.rodata.DEBOUNCE_THRESHOLD_MS)
    INACTIVITY_TIME                          0x080030c0   Data           4  7_segment.o(.rodata.INACTIVITY_TIME)
    Region$$Table$$Base                      0x08003244   Number         0  anon$$obj.o(Region$$Table)
    Region$$Table$$Limit                     0x08003264   Number         0  anon$$obj.o(Region$$Table)
    uwTickFreq                               0x20000000   Data           1  stm32f0xx_hal.o(.data..L_MergedGlobals)
    uwTickPrio                               0x20000004   Data           4  stm32f0xx_hal.o(.data..L_MergedGlobals)
    SystemCoreClock                          0x20000008   Data           4  system_stm32f0xx.o(.data.SystemCoreClock)
    __libspace_start                         0x200008f8   Data          96  libspace.o(.bss)
    __temporary_stack_top$libspace           0x20000958   Data           0  libspace.o(.bss)
    inactivity_timer                         0x2000095c   Data           4  7_segment.o(.bss..L_MergedGlobals)
    temprature                               0x20000970   Data           4  7_segment.o(.bss..L_MergedGlobals)
    tempratura                               0x20000980   Data           4  main.o(.bss..L_MergedGlobals)
    r01_Differencial                         0x20000984   Data           4  main.o(.bss..L_MergedGlobals)
    r02_Maksimalnoe_ogranichenie_ustavki     0x20000988   Data           4  main.o(.bss..L_MergedGlobals)
    r03_Minimalnoe_ogranichenie_ustavki      0x2000098c   Data           4  main.o(.bss..L_MergedGlobals)
    r04_Edinica_izmereniya_temperatury_C_F   0x20000990   Data           4  main.o(.bss..L_MergedGlobals)
    r05_Korrekciya_pokazanii_temperatury     0x20000994   Data           4  main.o(.bss..L_MergedGlobals)
    r09_Korrekciya_signala_s_Sair            0x20000998   Data           4  main.o(.bss..L_MergedGlobals)
    r12_Ruchnoe_upravlenie_ostanovka_regulirovaniya_pusk_regulirovaniya 0x2000099c   Data           4  main.o(.bss..L_MergedGlobals)
    r13_Smeschenie_ustavki_vo_vremya_nochnogo_rejima_raboty 0x200009a0   Data           4  main.o(.bss..L_MergedGlobals)
    r39_Vklyuchenie_smescheniya_ustavki      0x200009a4   Data           4  main.o(.bss..L_MergedGlobals)
    r40_Velichina_smescheniya_ustavki        0x200009a8   Data           4  main.o(.bss..L_MergedGlobals)
    A03_Zaderjka_avariinogo_signala_temperaturi 0x200009ac   Data           4  main.o(.bss..L_MergedGlobals)
    A04_Zaderjka_avariinogo_signala_dveri    0x200009b0   Data           4  main.o(.bss..L_MergedGlobals)
    A12_Zaderjka_avariinogo_signala_temperatury_pri_nachale_ohlajdeniya 0x200009b4   Data           4  main.o(.bss..L_MergedGlobals)
    A13_Nijnii_predel_avariinogo_signala     0x200009b8   Data           4  main.o(.bss..L_MergedGlobals)
    A14_Verhnii_predel_avariinogo_signala    0x200009bc   Data           4  main.o(.bss..L_MergedGlobals)
    A27_Zaderjka_avariinogo_signala_DI       0x200009c0   Data           4  main.o(.bss..L_MergedGlobals)
    A37_Avariinyi_verhnii_predel_dlya_temperatury_kondensatora 0x200009c4   Data           4  main.o(.bss..L_MergedGlobals)
    c01_Min_vremya_raboty                    0x200009c8   Data           4  main.o(.bss..L_MergedGlobals)
    c02_Min_vremya_stoyanki                  0x200009cc   Data           4  main.o(.bss..L_MergedGlobals)
    c30_Rele_kompressora_doljno_vklyuchatsya_i_vyklyuchatsya_inversno 0x200009d0   Data           4  main.o(.bss..L_MergedGlobals)
    c70_Vneshnie_rele                        0x200009d4   Data           4  main.o(.bss..L_MergedGlobals)
    d01_Temperatura_ostanovki_ottaiki        0x200009d8   Data           4  main.o(.bss..L_MergedGlobals)
    d02_Sposob_ottaiki                       0x200009dc   Data           4  main.o(.bss..L_MergedGlobals)
    d03_Maksimalnaya_dlitelnost_ottaiki      0x200009e0   Data           4  main.o(.bss..L_MergedGlobals)
    d05_Smeschenie_vklyucheniya_ottaiki_vo_vremya_zapuska 0x200009e4   Data           4  main.o(.bss..L_MergedGlobals)
    d06_Zaderjka_zapuska_ventilyatora_posle_ottaiki 0x200009e8   Data           4  main.o(.bss..L_MergedGlobals)
    d07_Vremya_kapleobrazovaniya             0x200009ec   Data           4  main.o(.bss..L_MergedGlobals)
    d08_Temperatura_nachala_raboty_ventilyatora 0x200009f0   Data           4  main.o(.bss..L_MergedGlobals)
    d09_Datchik_ottaiki                      0x200009f4   Data           4  main.o(.bss..L_MergedGlobals)
    d10_Rabota_ventilyatora_vo_vremya_ottaiki 0x200009f8   Data           4  main.o(.bss..L_MergedGlobals)
    d18_Maksimalnoe_summarnoe_vremya_ohlajdeniya_mejdu_dvumya_ottaikami 0x200009fc   Data           4  main.o(.bss..L_MergedGlobals.7)
    d19_Ottaika_po_neobhodimosti             0x20000a00   Data           4  main.o(.bss..L_MergedGlobals.7)
    F01_Ostanovka_ventilyatora_pri_otklyuchenii_kompressora 0x20000a04   Data           4  main.o(.bss..L_MergedGlobals.7)
    F02_Zaderjka_ventilyatora_pri_ostanovke_kompressora 0x20000a08   Data           4  main.o(.bss..L_MergedGlobals.7)
    F04_Temperatura_ostanovki_ventilyatora   0x20000a0c   Data           4  main.o(.bss..L_MergedGlobals.7)
    t01_nastroika_chasov                     0x20000a10   Data           4  main.o(.bss..L_MergedGlobals.7)
    t02_nastroika_chasov                     0x20000a14   Data           4  main.o(.bss..L_MergedGlobals.7)
    t03_nastroika_chasov                     0x20000a18   Data           4  main.o(.bss..L_MergedGlobals.7)
    t04_nastroika_chasov                     0x20000a1c   Data           4  main.o(.bss..L_MergedGlobals.7)
    t05_nastroika_chasov                     0x20000a20   Data           4  main.o(.bss..L_MergedGlobals.7)
    t06_nastroika_chasov                     0x20000a24   Data           4  main.o(.bss..L_MergedGlobals.7)
    t07_ustanovka_chasov                     0x20000a28   Data           4  main.o(.bss..L_MergedGlobals.7)
    t08_ustanovka_minut                      0x20000a2c   Data           4  main.o(.bss..L_MergedGlobals.7)
    t11_nastroika_minut                      0x20000a30   Data           4  main.o(.bss..L_MergedGlobals.7)
    t12_nastroika_minut                      0x20000a34   Data           4  main.o(.bss..L_MergedGlobals.7)
    t13_nastroika_minut                      0x20000a38   Data           4  main.o(.bss..L_MergedGlobals.7)
    t14_nastroika_minut                      0x20000a3c   Data           4  main.o(.bss..L_MergedGlobals.7)
    t15_nastroika_minut                      0x20000a40   Data           4  main.o(.bss..L_MergedGlobals.7)
    t16_nastroika_minut                      0x20000a44   Data           4  main.o(.bss..L_MergedGlobals.7)
    t45_ustanovka_dati                       0x20000a48   Data           4  main.o(.bss..L_MergedGlobals.7)
    t46_ustanovka_myasitsa                   0x20000a4c   Data           4  main.o(.bss..L_MergedGlobals.7)
    t47_ustanovka_goda                       0x20000a50   Data           4  main.o(.bss..L_MergedGlobals.7)
    o01_Zaderjka_vyhodnogo_signala_posle_zapuska 0x20000a54   Data           4  main.o(.bss..L_MergedGlobals.7)
    o02                                      0x20000a58   Data           4  main.o(.bss..L_MergedGlobals.7)
    o03_Setevoi_adres                        0x20000a5c   Data           4  main.o(.bss..L_MergedGlobals.7)
    o04_Parol_1                              0x20000a60   Data           4  main.o(.bss..L_MergedGlobals.7)
    o05_Ispolzuemyi_tip_datchika             0x20000a64   Data           4  main.o(.bss..L_MergedGlobals.7)
    o06_Servisnoe_soobschenie                0x20000a68   Data           4  main.o(.bss..L_MergedGlobals.7)
    o15_Delenie_displeya                     0x20000a6c   Data           4  main.o(.bss..L_MergedGlobals.7)
    o16_Maksimalnoe_vremya_ojidaniya_posle_koordinirovannoi_ottaiki 0x20000a70   Data           4  main.o(.bss..L_MergedGlobals.7)
    o38_Konfiguraciya_funkcii_osvescheniya   0x20000a74   Data           4  main.o(.bss..L_MergedGlobals.7)
    o39_Ruchnoe_vklyuchenie_rele_osvescheniya 0x20000a78   Data           4  main.o(.bss..L_MergedGlobals.8)
    o46                                      0x20000a7c   Data           4  main.o(.bss..L_MergedGlobals.8)
    o64                                      0x20000a80   Data           4  main.o(.bss..L_MergedGlobals.8)
    o65                                      0x20000a84   Data           4  main.o(.bss..L_MergedGlobals.8)
    o66                                      0x20000a88   Data           4  main.o(.bss..L_MergedGlobals.8)
    o67                                      0x20000a8c   Data           4  main.o(.bss..L_MergedGlobals.8)
    o70                                      0x20000a90   Data           4  main.o(.bss..L_MergedGlobals.8)
    o72                                      0x20000a94   Data           4  main.o(.bss..L_MergedGlobals.8)
    buttonFlagBackward                       0x20000a98   Data           1  main.o(.bss.buttonFlagBackward)
    buttonFlagCancel                         0x20000a99   Data           1  main.o(.bss.buttonFlagCancel)
    buttonFlagConfirm                        0x20000a9a   Data           1  main.o(.bss.buttonFlagConfirm)
    buttonFlagForward                        0x20000a9b   Data           1  main.o(.bss.buttonFlagForward)
    button_debounce_timer                    0x20000a9c   Data          16  7_segment.o(.bss.button_debounce_timer)
    htim3                                    0x20000aac   Data          72  main.o(.bss.htim3)
    savedParameterValues                     0x20000af8   Data         320  7_segment.o(.bss.savedParameterValues)
    uwTick                                   0x20000c3c   Data           4  stm32f0xx_hal.o(.bss.uwTick)



==============================================================================

Memory Map of the image

  Image Entry point : 0x080000b5

  Load Region LR_IROM1 (Base: 0x08000000, Size: 0x00003b60, Max: 0x00010000, ABSOLUTE, COMPRESSED[0x00003498])

    Execution Region ER_IROM1 (Exec base: 0x08000000, Load base: 0x08000000, Size: 0x00003264, Max: 0x00010000, ABSOLUTE)

    Exec Addr    Load Addr    Size         Type   Attr      Idx    E Section Name        Object

    0x08000000   0x08000000   0x000000b4   Data   RO            3    RESET               startup_stm32f030x8.o
    0x080000b4   0x080000b4   0x00000008   Code   RO         1015  * !!!main             c_p.l(__main.o)
    0x080000bc   0x080000bc   0x00000054   Code   RO         1221    !!!scatter          c_p.l(__scatter.o)
    0x08000110   0x08000110   0x00000002   Code   RO         1222    !!handler_null      c_p.l(__scatter.o)
    0x08000112   0x08000112   0x00000002   PAD
    0x08000114   0x08000114   0x0000001c   Code   RO         1225    !!handler_zi        c_p.l(__scatter_zi.o)
    0x08000130   0x08000130   0x00000002   Code   RO          998    .ARM.Collect$$_printf_percent$$00000000  c_p.l(_printf_percent.o)
    0x08000132   0x08000132   0x0000000a   Code   RO          997    .ARM.Collect$$_printf_percent$$00000009  c_p.l(_printf_d.o)
    0x0800013c   0x0800013c   0x00000004   Code   RO         1043    .ARM.Collect$$_printf_percent$$00000017  c_p.l(_printf_percent_end.o)
    0x08000140   0x08000140   0x00000002   Code   RO         1080    .ARM.Collect$$libinit$$00000000  c_p.l(libinit.o)
    0x08000142   0x08000142   0x00000000   Code   RO         1094    .ARM.Collect$$libinit$$00000002  c_p.l(libinit2.o)
    0x08000142   0x08000142   0x00000000   Code   RO         1096    .ARM.Collect$$libinit$$00000004  c_p.l(libinit2.o)
    0x08000142   0x08000142   0x00000000   Code   RO         1098    .ARM.Collect$$libinit$$00000006  c_p.l(libinit2.o)
    0x08000142   0x08000142   0x00000000   Code   RO         1101    .ARM.Collect$$libinit$$0000000C  c_p.l(libinit2.o)
    0x08000142   0x08000142   0x00000000   Code   RO         1103    .ARM.Collect$$libinit$$0000000E  c_p.l(libinit2.o)
    0x08000142   0x08000142   0x00000000   Code   RO         1105    .ARM.Collect$$libinit$$00000010  c_p.l(libinit2.o)
    0x08000142   0x08000142   0x00000000   Code   RO         1108    .ARM.Collect$$libinit$$00000013  c_p.l(libinit2.o)
    0x08000142   0x08000142   0x00000000   Code   RO         1110    .ARM.Collect$$libinit$$00000015  c_p.l(libinit2.o)
    0x08000142   0x08000142   0x00000000   Code   RO         1112    .ARM.Collect$$libinit$$00000017  c_p.l(libinit2.o)
    0x08000142   0x08000142   0x00000000   Code   RO         1114    .ARM.Collect$$libinit$$00000019  c_p.l(libinit2.o)
    0x08000142   0x08000142   0x00000000   Code   RO         1116    .ARM.Collect$$libinit$$0000001B  c_p.l(libinit2.o)
    0x08000142   0x08000142   0x00000000   Code   RO         1118    .ARM.Collect$$libinit$$0000001D  c_p.l(libinit2.o)
    0x08000142   0x08000142   0x00000000   Code   RO         1120    .ARM.Collect$$libinit$$0000001F  c_p.l(libinit2.o)
    0x08000142   0x08000142   0x00000000   Code   RO         1122    .ARM.Collect$$libinit$$00000021  c_p.l(libinit2.o)
    0x08000142   0x08000142   0x00000000   Code   RO         1124    .ARM.Collect$$libinit$$00000023  c_p.l(libinit2.o)
    0x08000142   0x08000142   0x00000000   Code   RO         1126    .ARM.Collect$$libinit$$00000025  c_p.l(libinit2.o)
    0x08000142   0x08000142   0x00000000   Code   RO         1128    .ARM.Collect$$libinit$$00000027  c_p.l(libinit2.o)
    0x08000142   0x08000142   0x00000000   Code   RO         1132    .ARM.Collect$$libinit$$0000002E  c_p.l(libinit2.o)
    0x08000142   0x08000142   0x00000000   Code   RO         1134    .ARM.Collect$$libinit$$00000030  c_p.l(libinit2.o)
    0x08000142   0x08000142   0x00000000   Code   RO         1136    .ARM.Collect$$libinit$$00000032  c_p.l(libinit2.o)
    0x08000142   0x08000142   0x00000000   Code   RO         1138    .ARM.Collect$$libinit$$00000034  c_p.l(libinit2.o)
    0x08000142   0x08000142   0x00000002   Code   RO         1139    .ARM.Collect$$libinit$$00000035  c_p.l(libinit2.o)
    0x08000144   0x08000144   0x00000002   Code   RO         1174    .ARM.Collect$$libshutdown$$00000000  c_p.l(libshutdown.o)
    0x08000146   0x08000146   0x00000000   Code   RO         1202    .ARM.Collect$$libshutdown$$00000002  c_p.l(libshutdown2.o)
    0x08000146   0x08000146   0x00000000   Code   RO         1204    .ARM.Collect$$libshutdown$$00000004  c_p.l(libshutdown2.o)
    0x08000146   0x08000146   0x00000000   Code   RO         1207    .ARM.Collect$$libshutdown$$00000007  c_p.l(libshutdown2.o)
    0x08000146   0x08000146   0x00000000   Code   RO         1210    .ARM.Collect$$libshutdown$$0000000A  c_p.l(libshutdown2.o)
    0x08000146   0x08000146   0x00000000   Code   RO         1212    .ARM.Collect$$libshutdown$$0000000C  c_p.l(libshutdown2.o)
    0x08000146   0x08000146   0x00000000   Code   RO         1215    .ARM.Collect$$libshutdown$$0000000F  c_p.l(libshutdown2.o)
    0x08000146   0x08000146   0x00000002   Code   RO         1216    .ARM.Collect$$libshutdown$$00000010  c_p.l(libshutdown2.o)
    0x08000148   0x08000148   0x00000000   Code   RO         1032    .ARM.Collect$$rtentry$$00000000  c_p.l(__rtentry.o)
    0x08000148   0x08000148   0x00000000   Code   RO         1048    .ARM.Collect$$rtentry$$00000002  c_p.l(__rtentry2.o)
    0x08000148   0x08000148   0x00000006   Code   RO         1060    .ARM.Collect$$rtentry$$00000004  c_p.l(__rtentry4.o)
    0x0800014e   0x0800014e   0x00000000   Code   RO         1050    .ARM.Collect$$rtentry$$00000009  c_p.l(__rtentry2.o)
    0x0800014e   0x0800014e   0x00000004   Code   RO         1051    .ARM.Collect$$rtentry$$0000000A  c_p.l(__rtentry2.o)
    0x08000152   0x08000152   0x00000000   Code   RO         1053    .ARM.Collect$$rtentry$$0000000C  c_p.l(__rtentry2.o)
    0x08000152   0x08000152   0x00000008   Code   RO         1054    .ARM.Collect$$rtentry$$0000000D  c_p.l(__rtentry2.o)
    0x0800015a   0x0800015a   0x00000002   Code   RO         1085    .ARM.Collect$$rtexit$$00000000  c_p.l(rtexit.o)
    0x0800015c   0x0800015c   0x00000000   Code   RO         1145    .ARM.Collect$$rtexit$$00000002  c_p.l(rtexit2.o)
    0x0800015c   0x0800015c   0x00000004   Code   RO         1146    .ARM.Collect$$rtexit$$00000003  c_p.l(rtexit2.o)
    0x08000160   0x08000160   0x00000006   Code   RO         1147    .ARM.Collect$$rtexit$$00000004  c_p.l(rtexit2.o)
    0x08000166   0x08000166   0x00000002   PAD
    0x08000168   0x08000168   0x00000038   Code   RO            4    .text               startup_stm32f030x8.o
    0x080001a0   0x080001a0   0x00000040   Code   RO          969    .text               c_p.l(noretval__2snprintf.o)
    0x080001e0   0x080001e0   0x0000004e   Code   RO          973    .text               c_p.l(_printf_pad.o)
    0x0800022e   0x0800022e   0x00000002   PAD
    0x08000230   0x08000230   0x0000006c   Code   RO          975    .text               c_p.l(_printf_dec.o)
    0x0800029c   0x0800029c   0x00000138   Code   RO          989    .text               c_p.l(__printf_flags_wp.o)
    0x080003d4   0x080003d4   0x00000040   Code   RO          999    .text               c_p.l(rt_memclr.o)
    0x08000414   0x08000414   0x0000006c   Code   RO         1001    .text               c_p.l(strncpy.o)
    0x08000480   0x08000480   0x000000b0   Code   RO         1003    .text               c_p.l(strcmpv6m.o)
    0x08000530   0x08000530   0x000001f8   Code   RO         1005    .text               c_p.l(aeabi_sdivfast.o)
    0x08000728   0x08000728   0x00000006   Code   RO         1013    .text               c_p.l(heapauxi.o)
    0x0800072e   0x0800072e   0x00000002   PAD
    0x08000730   0x08000730   0x0000007c   Code   RO         1017    .text               fz_ps.l(d2f.o)
    0x080007ac   0x080007ac   0x00000358   Code   RO         1019    .text               fz_ps.l(daddsub.o)
    0x08000b04   0x08000b04   0x00000448   Code   RO         1021    .text               fz_ps.l(ddiv.o)
    0x08000f4c   0x08000f4c   0x00000058   Code   RO         1024    .text               fz_ps.l(dflti.o)
    0x08000fa4   0x08000fa4   0x00000248   Code   RO         1026    .text               fz_ps.l(dmul.o)
    0x080011ec   0x080011ec   0x0000004c   Code   RO         1028    .text               fz_ps.l(ffixi.o)
    0x08001238   0x08001238   0x000000b0   Code   RO         1037    .text               c_p.l(_printf_intcommon.o)
    0x080012e8   0x080012e8   0x00000030   Code   RO         1039    .text               c_p.l(_printf_char_common.o)
    0x08001318   0x08001318   0x00000010   Code   RO         1041    .text               c_p.l(_snputc.o)
    0x08001328   0x08001328   0x00000028   Code   RO         1044    .text               c_p.l(rtudiv10.o)
    0x08001350   0x08001350   0x0000003e   Code   RO         1066    .text               c_p.l(sys_stackheap_outer.o)
    0x0800138e   0x0800138e   0x00000010   Code   RO         1069    .text               c_p.l(exit.o)
    0x0800139e   0x0800139e   0x00000002   PAD
    0x080013a0   0x080013a0   0x00000008   Code   RO         1081    .text               c_p.l(libspace.o)
    0x080013a8   0x080013a8   0x0000000c   Code   RO         1140    .text               c_p.l(sys_exit.o)
    0x080013b4   0x080013b4   0x00000002   Code   RO         1163    .text               c_p.l(use_no_semi.o)
    0x080013b6   0x080013b6   0x00000000   Code   RO         1165    .text               c_p.l(indicate_semi.o)
    0x080013b6   0x080013b6   0x00000056   Code   RO         1219    .text               c_p.l(__dczerorl2.o)
    0x0800140c   0x0800140c   0x0000003c   Code   RO          124    .text.EXTI0_1_IRQHandler  stm32f0xx_it.o
    0x08001448   0x08001448   0x00000038   Code   RO          126    .text.EXTI2_3_IRQHandler  stm32f0xx_it.o
    0x08001480   0x08001480   0x0000008c   Code   RO          128    .text.EXTI4_15_IRQHandler  stm32f0xx_it.o
    0x0800150c   0x0800150c   0x000001bc   Code   RO          747    .text.HAL_GPIO_Init  stm32f0xx_hal_gpio.o
    0x080016c8   0x080016c8   0x0000000a   Code   RO          751    .text.HAL_GPIO_ReadPin  stm32f0xx_hal_gpio.o
    0x080016d2   0x080016d2   0x00000010   Code   RO          755    .text.HAL_GPIO_TogglePin  stm32f0xx_hal_gpio.o
    0x080016e2   0x080016e2   0x00000010   Code   RO          753    .text.HAL_GPIO_WritePin  stm32f0xx_hal_gpio.o
    0x080016f2   0x080016f2   0x00000002   PAD
    0x080016f4   0x080016f4   0x00000008   Code   RO          533    .text.HAL_GetTick   stm32f0xx_hal.o
    0x080016fc   0x080016fc   0x00000014   Code   RO          531    .text.HAL_IncTick   stm32f0xx_hal.o
    0x08001710   0x08001710   0x0000001c   Code   RO          521    .text.HAL_Init      stm32f0xx_hal.o
    0x0800172c   0x0800172c   0x00000040   Code   RO          523    .text.HAL_InitTick  stm32f0xx_hal.o
    0x0800176c   0x0800176c   0x0000002c   Code   RO          139    .text.HAL_MspInit   stm32f0xx_hal_msp.o
    0x08001798   0x08001798   0x00000018   Code   RO          805    .text.HAL_NVIC_EnableIRQ  stm32f0xx_hal_cortex.o
    0x080017b0   0x080017b0   0x00000038   Code   RO          803    .text.HAL_NVIC_SetPriority  stm32f0xx_hal_cortex.o
    0x080017e8   0x080017e8   0x0000015c   Code   RO          476    .text.HAL_RCC_ClockConfig  stm32f0xx_hal_rcc.o
    0x08001944   0x08001944   0x000003f4   Code   RO          474    .text.HAL_RCC_OscConfig  stm32f0xx_hal_rcc.o
    0x08001d38   0x08001d38   0x00000034   Code   RO          811    .text.HAL_SYSTICK_Config  stm32f0xx_hal_cortex.o
    0x08001d6c   0x08001d6c   0x00000002   Code   RO          458    .text.HAL_TIMEx_BreakCallback  stm32f0xx_hal_tim_ex.o
    0x08001d6e   0x08001d6e   0x00000002   Code   RO          454    .text.HAL_TIMEx_CommutCallback  stm32f0xx_hal_tim_ex.o
    0x08001d70   0x08001d70   0x00000002   Code   RO          289    .text.HAL_TIM_IC_CaptureCallback  stm32f0xx_hal_tim.o
    0x08001d72   0x08001d72   0x000001ba   Code   RO          287    .text.HAL_TIM_IRQHandler  stm32f0xx_hal_tim.o
    0x08001f2c   0x08001f2c   0x00000002   Code   RO          291    .text.HAL_TIM_OC_DelayElapsedCallback  stm32f0xx_hal_tim.o
    0x08001f2e   0x08001f2e   0x00000002   Code   RO          293    .text.HAL_TIM_PWM_PulseFinishedCallback  stm32f0xx_hal_tim.o
    0x08001f30   0x08001f30   0x00000002   Code   RO          295    .text.HAL_TIM_PeriodElapsedCallback  stm32f0xx_hal_tim.o
    0x08001f32   0x08001f32   0x00000002   Code   RO          297    .text.HAL_TIM_TriggerCallback  stm32f0xx_hal_tim.o
    0x08001f34   0x08001f34   0x00000002   Code   RO          116    .text.HardFault_Handler  stm32f0xx_it.o
    0x08001f36   0x08001f36   0x00000002   PAD
    0x08001f38   0x08001f38   0x00000120   Code   RO           69    .text.MX_GPIO_Init  main.o
    0x08002058   0x08002058   0x00000002   Code   RO          114    .text.NMI_Handler   stm32f0xx_it.o
    0x0800205a   0x0800205a   0x00000002   Code   RO          120    .text.PendSV_Handler  stm32f0xx_it.o
    0x0800205c   0x0800205c   0x00000002   Code   RO          118    .text.SVC_Handler   stm32f0xx_it.o
    0x0800205e   0x0800205e   0x00000008   Code   RO          122    .text.SysTick_Handler  stm32f0xx_it.o
    0x08002066   0x08002066   0x00000002   Code   RO          949    .text.SystemInit    system_stm32f0xx.o
    0x08002068   0x08002068   0x00000030   Code   RO          130    .text.TIM3_IRQHandler  stm32f0xx_it.o
    0x08002098   0x08002098   0x00000018   Code   RO           35    .text.check_inactivity  7_segment.o
    0x080020b0   0x080020b0   0x00000038   Code   RO           33    .text.debounce_buttons  7_segment.o
    0x080020e8   0x080020e8   0x000000ac   Code   RO           23    .text.displayDigit  7_segment.o
    0x08002194   0x08002194   0x00000250   Code   RO           31    .text.handle_menu_logic  7_segment.o
    0x080023e4   0x080023e4   0x00000280   Code   RO           65    .text.main          main.o
    0x08002664   0x08002664   0x000000ae   Code   RO           15    .text.mask_charecters  7_segment.o
    0x08002712   0x08002712   0x00000002   PAD
    0x08002714   0x08002714   0x000001d4   Code   RO           29    .text.parameter_adjust_and_display  7_segment.o
    0x080028e8   0x080028e8   0x00000160   Code   RO           19    .text.sendToShiftRegister  7_segment.o
    0x08002a48   0x08002a48   0x0000019c   Code   RO           25    .text.temprature_display  7_segment.o
    0x08002be4   0x08002be4   0x00000038   Code   RO           37    .text.toggle        7_segment.o
    0x08002c1c   0x08002c1c   0x000001f6   Code   RO         1006    .text_divfast       c_p.l(aeabi_sdivfast.o)
    0x08002e12   0x08002e12   0x0000000e   Code   RO          987    i._is_digit         c_p.l(__printf_wp.o)
    0x08002e20   0x08002e20   0x000000b0   Code   RO         1030    x$fpl$fmul          fz_ps.l(fmul.o)
    0x08002ed0   0x08002ed0   0x00000000   Code   RO         1046    x$fpl$usenofp       fz_ps.l(usenofp.o)
    0x08002ed0   0x08002ed0   0x00000011   Data   RO          990    .constdata          c_p.l(__printf_flags_wp.o)
    0x08002ee1   0x08002ee1   0x00000080   Data   RO         1022    .constdata          fz_ps.l(ddiv.o)
    0x08002f61   0x08002f61   0x00000003   PAD
    0x08002f64   0x08002f64   0x00000140   Data   RO           46    .rodata..L__const.parameter_display.parameters  7_segment.o
    0x080030a4   0x080030a4   0x0000000b   Data   RO           55    .rodata..Lswitch.table.displayDigit.91  7_segment.o
    0x080030af   0x080030af   0x00000010   Data   RO          954    .rodata.AHBPrescTable  system_stm32f0xx.o
    0x080030bf   0x080030bf   0x00000001   Data   RO           41    .rodata.DEBOUNCE_THRESHOLD_MS  7_segment.o
    0x080030c0   0x080030c0   0x00000004   Data   RO           40    .rodata.INACTIVITY_TIME  7_segment.o
    0x080030c4   0x080030c4   0x00000020   Data   RO          498    .rodata.cst16       stm32f0xx_hal_rcc.o
    0x080030e4   0x080030e4   0x0000015e   Data   RO           45    .rodata.str1.1      7_segment.o
    0x08003242   0x08003242   0x00000002   PAD
    0x08003244   0x08003244   0x00000020   Data   RO         1218    Region$$Table       anon$$obj.o


    Execution Region RW_IRAM1 (Exec base: 0x20000000, Load base: 0x08003268, Size: 0x00001240, Max: 0x00002000, ABSOLUTE, COMPRESSED[0x00000230])

    Exec Addr    Load Addr    Size         Type   Attr      Idx    E Section Name        Object

    0x20000000   COMPRESSED   0x00000008   Data   RW          568    .data..L_MergedGlobals  stm32f0xx_hal.o
    0x20000008   COMPRESSED   0x00000004   Data   RW          953    .data.SystemCoreClock  system_stm32f0xx.o
    0x2000000c   COMPRESSED   0x00000004   Data   RW           48    .data.parameter_adjust_and_display.displayBuffer  7_segment.o
    0x20000010   COMPRESSED   0x000008e0   Data   RW           47    .data.parameter_adjust_and_display.parameters  7_segment.o
    0x200008f0   COMPRESSED   0x00000004   Data   RW           51    .data.toggle.toggle_time  7_segment.o
    0x200008f4   COMPRESSED   0x00000004   PAD
    0x200008f8        -       0x00000060   Zero   RW         1082    .bss                c_p.l(libspace.o)
    0x20000958        -       0x00000025   Zero   RW           56    .bss..L_MergedGlobals  7_segment.o
    0x2000097d   COMPRESSED   0x00000003   PAD
    0x20000980        -       0x0000007c   Zero   RW          103    .bss..L_MergedGlobals  main.o
    0x200009fc        -       0x0000007c   Zero   RW          104    .bss..L_MergedGlobals.7  main.o
    0x20000a78        -       0x00000020   Zero   RW          105    .bss..L_MergedGlobals.8  main.o
    0x20000a98        -       0x00000001   Zero   RW           76    .bss.buttonFlagBackward  main.o
    0x20000a99        -       0x00000001   Zero   RW           77    .bss.buttonFlagCancel  main.o
    0x20000a9a        -       0x00000001   Zero   RW           78    .bss.buttonFlagConfirm  main.o
    0x20000a9b        -       0x00000001   Zero   RW           75    .bss.buttonFlagForward  main.o
    0x20000a9c        -       0x00000010   Zero   RW           39    .bss.button_debounce_timer  7_segment.o
    0x20000aac        -       0x00000048   Zero   RW          101    .bss.htim3          main.o
    0x20000af4        -       0x00000004   Zero   RW           49    .bss.parameter_adjust_and_display.currentStep  7_segment.o
    0x20000af8        -       0x00000140   Zero   RW           50    .bss.savedParameterValues  7_segment.o
    0x20000c38        -       0x00000004   Zero   RW           44    .bss.temprature_display.currentStep  7_segment.o
    0x20000c3c        -       0x00000004   Zero   RW          567    .bss.uwTick         stm32f0xx_hal.o
    0x20000c40        -       0x00000200   Zero   RW            2    HEAP                startup_stm32f030x8.o
    0x20000e40        -       0x00000400   Zero   RW            1    STACK               startup_stm32f030x8.o


==============================================================================

Image component sizes


      Code (inc. data)   RO Data    RW Data    ZI Data      Debug   Object Name

      2306        216        686       2280        381      10675   7_segment.o
       928         52          0          0        356      14067   main.o
        56         26        180          0       1536        636   startup_stm32f030x8.o
       120          8          0          8          4       5266   stm32f0xx_hal.o
       132         24          0          0          0       5413   stm32f0xx_hal_cortex.o
       486         20          0          0          0       4978   stm32f0xx_hal_gpio.o
        44          4          0          0          0       4833   stm32f0xx_hal_msp.o
      1360         48         32          0          0       7866   stm32f0xx_hal_rcc.o
       452          0          0          0          0      63132   stm32f0xx_hal_tim.o
         4          0          0          0          0      22269   stm32f0xx_hal_tim_ex.o
       320         48          0          0          0       3660   stm32f0xx_it.o
         2          0         16          4          0       1817   system_stm32f0xx.o

    ----------------------------------------------------------------------
      6216        446        948       2292       2284     144612   Object Totals
         0          0         32          0          0          0   (incl. Generated)
         6          0          2          0          7          0   (incl. Padding)

    ----------------------------------------------------------------------

      Code (inc. data)   RO Data    RW Data    ZI Data      Debug   Library Member Name

        86          0          0          0          0          0   __dczerorl2.o
         8          0          0          0          0         68   __main.o
       312          6         17          0          0         76   __printf_flags_wp.o
        14          0          0          0          0         60   __printf_wp.o
         0          0          0          0          0          0   __rtentry.o
        12          0          0          0          0          0   __rtentry2.o
         6          0          0          0          0          0   __rtentry4.o
        86         10          0          0          0          0   __scatter.o
        28          0          0          0          0          0   __scatter_zi.o
        48          6          0          0          0         88   _printf_char_common.o
        10          0          0          0          0          0   _printf_d.o
       108         18          0          0          0         76   _printf_dec.o
       176          0          0          0          0         84   _printf_intcommon.o
        78          0          0          0          0        100   _printf_pad.o
         2          0          0          0          0          0   _printf_percent.o
         4          0          0          0          0          0   _printf_percent_end.o
        16          0          0          0          0         60   _snputc.o
      1006          4          0          0          0        184   aeabi_sdivfast.o
        16          0          0          0          0         68   exit.o
         6          0          0          0          0        136   heapauxi.o
         0          0          0          0          0          0   indicate_semi.o
         2          0          0          0          0          0   libinit.o
         2          0          0          0          0          0   libinit2.o
         2          0          0          0          0          0   libshutdown.o
         2          0          0          0          0          0   libshutdown2.o
         8          4          0          0         96         68   libspace.o
        64          4          0          0          0         84   noretval__2snprintf.o
        64          0          0          0          0        108   rt_memclr.o
         2          0          0          0          0          0   rtexit.o
        10          0          0          0          0          0   rtexit2.o
        40          0          0          0          0         60   rtudiv10.o
       176          4          0          0          0         80   strcmpv6m.o
       108          4          0          0          0         76   strncpy.o
        12          4          0          0          0         60   sys_exit.o
        62          0          0          0          0         80   sys_stackheap_outer.o
         2          0          0          0          0         68   use_no_semi.o
       124          4          0          0          0         72   d2f.o
       856         20          0          0          0        208   daddsub.o
      1096         26        128          0          0        112   ddiv.o
        88          0          0          0          0         92   dflti.o
       584         26          0          0          0         84   dmul.o
        76          0          0          0          0         68   ffixi.o
       176          4          0          0          0         80   fmul.o
         0          0          0          0          0          0   usenofp.o

    ----------------------------------------------------------------------
      5588        144        148          0         96       2400   Library Totals
        10          0          3          0          0          0   (incl. Padding)

    ----------------------------------------------------------------------

      Code (inc. data)   RO Data    RW Data    ZI Data      Debug   Library Name

      2578         64         17          0         96       1684   c_p.l
      3000         80        128          0          0        716   fz_ps.l

    ----------------------------------------------------------------------
      5588        144        148          0         96       2400   Library Totals

    ----------------------------------------------------------------------

==============================================================================


      Code (inc. data)   RO Data    RW Data    ZI Data      Debug   

     11804        590       1096       2292       2380     145836   Grand Totals
     11804        590       1096        560       2380     145836   ELF Image Totals (compressed)
     11804        590       1096        560          0          0   ROM Totals

==============================================================================

    Total RO  Size (Code + RO Data)                12900 (  12.60kB)
    Total RW  Size (RW Data + ZI Data)              4672 (   4.56kB)
    Total ROM Size (Code + RO Data + RW Data)      13460 (  13.14kB)

==============================================================================

